PREFLIGHT host=ubuntu-8gb-nbg1-1 free_bytes=11563905024 active_cells=0 plan_sha256=15728e3ca69205060c221757648e52c4f25edad26d34fd53920f8a79bf43f649
PLAN lane=rz1-eu cells=48 plan_sha256=15728e3ca69205060c221757648e52c4f25edad26d34fd53920f8a79bf43f649 mode=dry-run scope=all release=false
PREFLIGHT host=ubuntu-8gb-nbg1-1 free_bytes=11563905024 active_cells=0 plan_sha256=15728e3ca69205060c221757648e52c4f25edad26d34fd53920f8a79bf43f649
DRY-RUN index=0 cell_id=codex__gpt-6-luna__max__default__r70-5-zig__r3 argv_sha256=f248e2ab4978a5daeffea771cb4be33d2d00c926f19de78792d0f22e633c4139 argv=["/opt/bench/mise/installs/python/3.14.7/bin/python3","bench.py","run","public-source-location-withheld","--only","codex__gpt-6-luna__max__default__r70-5-zig__r3","--no-gate","--retries","0","--jobs","1","--no-status-pause","--cleanup"]
PREFLIGHT host=ubuntu-8gb-nbg1-1 free_bytes=11563905024 active_cells=0 plan_sha256=15728e3ca69205060c221757648e52c4f25edad26d34fd53920f8a79bf43f649
DRY-RUN index=1 cell_id=codex__gpt-6-luna__max__default__r70-5-rust__r3 argv_sha256=0adb915ccca557ad0aaebc9f25dbe943b2669962a6b8a13b28b4fac707cc8b8a argv=["/opt/bench/mise/installs/python/3.14.7/bin/python3","bench.py","run","public-source-location-withheld","--only","codex__gpt-6-luna__max__default__r70-5-rust__r3","--no-gate","--retries","0","--jobs","1","--no-status-pause","--cleanup"]
PREFLIGHT host=ubuntu-8gb-nbg1-1 free_bytes=11563905024 active_cells=0 plan_sha256=15728e3ca69205060c221757648e52c4f25edad26d34fd53920f8a79bf43f649
DRY-RUN index=2 cell_id=codex__gpt-6-luna__max__default__r70-6-zig__r2 argv_sha256=42dcb523a50e5f70a4af77a56ef7b47434e10f2f7311570910c4a771b97314b7 argv=["/opt/bench/mise/installs/python/3.14.7/bin/python3","bench.py","run","public-source-location-withheld","--only","codex__gpt-6-luna__max__default__r70-6-zig__r2","--no-gate","--retries","0","--jobs","1","--no-status-pause","--cleanup"]
PREFLIGHT host=ubuntu-8gb-nbg1-1 free_bytes=11563905024 active_cells=0 plan_sha256=15728e3ca69205060c221757648e52c4f25edad26d34fd53920f8a79bf43f649
DRY-RUN index=3 cell_id=codex__gpt-6-luna__max__default__r70-6-rust__r2 argv_sha256=aad965ad67385d74a0e434360ecaf895708bb3c90e8050483e4bff4e9860f6b2 argv=["/opt/bench/mise/installs/python/3.14.7/bin/python3","bench.py","run","public-source-location-withheld","--only","codex__gpt-6-luna__max__default__r70-6-rust__r2","--no-gate","--retries","0","--jobs","1","--no-status-pause","--cleanup"]
PREFLIGHT host=ubuntu-8gb-nbg1-1 free_bytes=11563905024 active_cells=0 plan_sha256=15728e3ca69205060c221757648e52c4f25edad26d34fd53920f8a79bf43f649
DRY-RUN index=4 cell_id=codex__gpt-6-luna__max__default__r70-7-zig__r2 argv_sha256=db90010ab408cfd1c8d00a3ef9051ada81bc762775101adbb268dee32ba62874 argv=["/opt/bench/mise/installs/python/3.14.7/bin/python3","bench.py","run","public-source-location-withheld","--only","codex__gpt-6-luna__max__default__r70-7-zig__r2","--no-gate","--retries","0","--jobs","1","--no-status-pause","--cleanup"]
PREFLIGHT host=ubuntu-8gb-nbg1-1 free_bytes=11563905024 active_cells=0 plan_sha256=15728e3ca69205060c221757648e52c4f25edad26d34fd53920f8a79bf43f649
DRY-RUN index=5 cell_id=codex__gpt-6-luna__max__default__r70-7-rust__r2 argv_sha256=df24774426b3d406dbbc1c542d2b455e83e89e7c8947f6765aedabc3c0d0ab95 argv=["/opt/bench/mise/installs/python/3.14.7/bin/python3","bench.py","run","public-source-location-withheld","--only","codex__gpt-6-luna__max__default__r70-7-rust__r2","--no-gate","--retries","0","--jobs","1","--no-status-pause","--cleanup"]
PREFLIGHT host=ubuntu-8gb-nbg1-1 free_bytes=11563905024 active_cells=0 plan_sha256=15728e3ca69205060c221757648e52c4f25edad26d34fd53920f8a79bf43f649
DRY-RUN index=6 cell_id=codex__gpt-6-luna__max__default__r70-5-zig__r1 argv_sha256=4bc104e8a951cf1417bc5f1fd1fa1f172bd189a8bcf03c0b4c9cc0dcde9126b3 argv=["/opt/bench/mise/installs/python/3.14.7/bin/python3","bench.py","run","public-source-location-withheld","--only","codex__gpt-6-luna__max__default__r70-5-zig__r1","--no-gate","--retries","0","--jobs","1","--no-status-pause","--cleanup"]
PREFLIGHT host=ubuntu-8gb-nbg1-1 free_bytes=11563905024 active_cells=0 plan_sha256=15728e3ca69205060c221757648e52c4f25edad26d34fd53920f8a79bf43f649
DRY-RUN index=7 cell_id=codex__gpt-6-luna__max__default__r70-5-rust__r1 argv_sha256=dc6ffc70834a963a8abee81e8530f60b2726abe9de8991e9e7375f1d75849fef argv=["/opt/bench/mise/installs/python/3.14.7/bin/python3","bench.py","run","public-source-location-withheld","--only","codex__gpt-6-luna__max__default__r70-5-rust__r1","--no-gate","--retries","0","--jobs","1","--no-status-pause","--cleanup"]
PREFLIGHT host=ubuntu-8gb-nbg1-1 free_bytes=11563905024 active_cells=0 plan_sha256=15728e3ca69205060c221757648e52c4f25edad26d34fd53920f8a79bf43f649
DRY-RUN index=8 cell_id=codex__gpt-6-luna__max__default__r70-1-zig__r1 argv_sha256=4b94417e627a77091b835163ced5828a1e527c501384b279cdd9b9370708ba93 argv=["/opt/bench/mise/installs/python/3.14.7/bin/python3","bench.py","run","public-source-location-withheld","--only","codex__gpt-6-luna__max__default__r70-1-zig__r1","--no-gate","--retries","0","--jobs","1","--no-status-pause","--cleanup"]
PREFLIGHT host=ubuntu-8gb-nbg1-1 free_bytes=11563905024 active_cells=0 plan_sha256=15728e3ca69205060c221757648e52c4f25edad26d34fd53920f8a79bf43f649
DRY-RUN index=9 cell_id=codex__gpt-6-luna__max__default__r70-1-rust__r1 argv_sha256=cf7e5d1269efbaa6ddb0ed15f90040c4acb8f7c02107726dcdabb8d3b6eb64be argv=["/opt/bench/mise/installs/python/3.14.7/bin/python3","bench.py","run","public-source-location-withheld","--only","codex__gpt-6-luna__max__default__r70-1-rust__r1","--no-gate","--retries","0","--jobs","1","--no-status-pause","--cleanup"]
PREFLIGHT host=ubuntu-8gb-nbg1-1 free_bytes=11563905024 active_cells=0 plan_sha256=15728e3ca69205060c221757648e52c4f25edad26d34fd53920f8a79bf43f649
DRY-RUN index=10 cell_id=codex__gpt-6-luna__max__default__r70-8-rust__r1 argv_sha256=ceb1fc4e277feaa97c880a749f213a09bbcfa1ca750e80064c3e8927fdc854c0 argv=["/opt/bench/mise/installs/python/3.14.7/bin/python3","bench.py","run","public-source-location-withheld","--only","codex__gpt-6-luna__max__default__r70-8-rust__r1","--no-gate","--retries","0","--jobs","1","--no-status-pause","--cleanup"]
PREFLIGHT host=ubuntu-8gb-nbg1-1 free_bytes=11563905024 active_cells=0 plan_sha256=15728e3ca69205060c221757648e52c4f25edad26d34fd53920f8a79bf43f649
DRY-RUN index=11 cell_id=codex__gpt-6-luna__max__default__r70-8-zig__r1 argv_sha256=6eeb17c8a6244f0b6296d372336545bdd2eb74271c8c6da9d1f5509155920971 argv=["/opt/bench/mise/installs/python/3.14.7/bin/python3","bench.py","run","public-source-location-withheld","--only","codex__gpt-6-luna__max__default__r70-8-zig__r1","--no-gate","--retries","0","--jobs","1","--no-status-pause","--cleanup"]
PREFLIGHT host=ubuntu-8gb-nbg1-1 free_bytes=11563905024 active_cells=0 plan_sha256=15728e3ca69205060c221757648e52c4f25edad26d34fd53920f8a79bf43f649
DRY-RUN index=12 cell_id=codex__gpt-6-luna__max__default__r70-7-zig__r3 argv_sha256=23e7e03ffd404134d043a47e7a94a8b9cbd6fdaa94173ff8879c62f3a438e593 argv=["/opt/bench/mise/installs/python/3.14.7/bin/python3","bench.py","run","public-source-location-withheld","--only","codex__gpt-6-luna__max__default__r70-7-zig__r3","--no-gate","--retries","0","--jobs","1","--no-status-pause","--cleanup"]
PREFLIGHT host=ubuntu-8gb-nbg1-1 free_bytes=11563905024 active_cells=0 plan_sha256=15728e3ca69205060c221757648e52c4f25edad26d34fd53920f8a79bf43f649
DRY-RUN index=13 cell_id=codex__gpt-6-luna__max__default__r70-7-rust__r3 argv_sha256=1074337d1e26754dbfb139582fd771fb73998504a855f6f03d005a984e6abadd argv=["/opt/bench/mise/installs/python/3.14.7/bin/python3","bench.py","run","public-source-location-withheld","--only","codex__gpt-6-luna__max__default__r70-7-rust__r3","--no-gate","--retries","0","--jobs","1","--no-status-pause","--cleanup"]
PREFLIGHT host=ubuntu-8gb-nbg1-1 free_bytes=11563905024 active_cells=0 plan_sha256=15728e3ca69205060c221757648e52c4f25edad26d34fd53920f8a79bf43f649
DRY-RUN index=14 cell_id=codex__gpt-6-luna__max__default__r70-6-zig__r1 argv_sha256=efafe49202bd92407aaf6438a0497853bc670151e570284b9a3a11589fbde9a8 argv=["/opt/bench/mise/installs/python/3.14.7/bin/python3","bench.py","run","public-source-location-withheld","--only","codex__gpt-6-luna__max__default__r70-6-zig__r1","--no-gate","--retries","0","--jobs","1","--no-status-pause","--cleanup"]
PREFLIGHT host=ubuntu-8gb-nbg1-1 free_bytes=11563892736 active_cells=0 plan_sha256=15728e3ca69205060c221757648e52c4f25edad26d34fd53920f8a79bf43f649
DRY-RUN index=15 cell_id=codex__gpt-6-luna__max__default__r70-6-rust__r1 argv_sha256=938361cd81685aa6353d253b2ec67e30eeeb0605a55568d571b805aabd9197cc argv=["/opt/bench/mise/installs/python/3.14.7/bin/python3","bench.py","run","public-source-location-withheld","--only","codex__gpt-6-luna__max__default__r70-6-rust__r1","--no-gate","--retries","0","--jobs","1","--no-status-pause","--cleanup"]
PREFLIGHT host=ubuntu-8gb-nbg1-1 free_bytes=11563892736 active_cells=0 plan_sha256=15728e3ca69205060c221757648e52c4f25edad26d34fd53920f8a79bf43f649
DRY-RUN index=16 cell_id=codex__gpt-6-luna__max__default__r70-1-zig__r3 argv_sha256=184b9103db75b5ed5023a75054e90f92679f7612a464ada9e7b06715da5491b6 argv=["/opt/bench/mise/installs/python/3.14.7/bin/python3","bench.py","run","public-source-location-withheld","--only","codex__gpt-6-luna__max__default__r70-1-zig__r3","--no-gate","--retries","0","--jobs","1","--no-status-pause","--cleanup"]
PREFLIGHT host=ubuntu-8gb-nbg1-1 free_bytes=11563892736 active_cells=0 plan_sha256=15728e3ca69205060c221757648e52c4f25edad26d34fd53920f8a79bf43f649
DRY-RUN index=17 cell_id=codex__gpt-6-luna__max__default__r70-1-rust__r3 argv_sha256=3bbf8ecb62d15c68bf663335179636f6b012f348fdaf5cee4caed5ef95d1db8a argv=["/opt/bench/mise/installs/python/3.14.7/bin/python3","bench.py","run","public-source-location-withheld","--only","codex__gpt-6-luna__max__default__r70-1-rust__r3","--no-gate","--retries","0","--jobs","1","--no-status-pause","--cleanup"]
PREFLIGHT host=ubuntu-8gb-nbg1-1 free_bytes=11563892736 active_cells=0 plan_sha256=15728e3ca69205060c221757648e52c4f25edad26d34fd53920f8a79bf43f649
DRY-RUN index=18 cell_id=codex__gpt-6-luna__max__default__r70-8-rust__r3 argv_sha256=5bc35b8e6694343713dc039b2b6097d4ea684e6cfa0c5025c367e322f3919ecf argv=["/opt/bench/mise/installs/python/3.14.7/bin/python3","bench.py","run","public-source-location-withheld","--only","codex__gpt-6-luna__max__default__r70-8-rust__r3","--no-gate","--retries","0","--jobs","1","--no-status-pause","--cleanup"]
PREFLIGHT host=ubuntu-8gb-nbg1-1 free_bytes=11563892736 active_cells=0 plan_sha256=15728e3ca69205060c221757648e52c4f25edad26d34fd53920f8a79bf43f649
DRY-RUN index=19 cell_id=codex__gpt-6-luna__max__default__r70-8-zig__r3 argv_sha256=e0e61542113e280cd1b59c1aeae92f458e065654abef9fcc98448282c0e04572 argv=["/opt/bench/mise/installs/python/3.14.7/bin/python3","bench.py","run","public-source-location-withheld","--only","codex__gpt-6-luna__max__default__r70-8-zig__r3","--no-gate","--retries","0","--jobs","1","--no-status-pause","--cleanup"]
PREFLIGHT host=ubuntu-8gb-nbg1-1 free_bytes=11563892736 active_cells=0 plan_sha256=15728e3ca69205060c221757648e52c4f25edad26d34fd53920f8a79bf43f649
DRY-RUN index=20 cell_id=codex__gpt-6-luna__max__default__r70-4-rust__r3 argv_sha256=d7a724d311d2f9e112e1be3a2a45ff71d8ae8025910c45ea61c6477d148e6210 argv=["/opt/bench/mise/installs/python/3.14.7/bin/python3","bench.py","run","public-source-location-withheld","--only","codex__gpt-6-luna__max__default__r70-4-rust__r3","--no-gate","--retries","0","--jobs","1","--no-status-pause","--cleanup"]
PREFLIGHT host=ubuntu-8gb-nbg1-1 free_bytes=11563892736 active_cells=0 plan_sha256=15728e3ca69205060c221757648e52c4f25edad26d34fd53920f8a79bf43f649
DRY-RUN index=21 cell_id=codex__gpt-6-luna__max__default__r70-4-zig__r3 argv_sha256=3dbb3477539e928beddeee897f2b22464989f673647365ef95556c43a41fb6f1 argv=["/opt/bench/mise/installs/python/3.14.7/bin/python3","bench.py","run","public-source-location-withheld","--only","codex__gpt-6-luna__max__default__r70-4-zig__r3","--no-gate","--retries","0","--jobs","1","--no-status-pause","--cleanup"]
PREFLIGHT host=ubuntu-8gb-nbg1-1 free_bytes=11563892736 active_cells=0 plan_sha256=15728e3ca69205060c221757648e52c4f25edad26d34fd53920f8a79bf43f649
DRY-RUN index=22 cell_id=codex__gpt-6-luna__max__default__r70-4-rust__r2 argv_sha256=2f64e1a91c90f76a8b05fa342241535c4c1621619684c75fe284b6dd7af8d005 argv=["/opt/bench/mise/installs/python/3.14.7/bin/python3","bench.py","run","public-source-location-withheld","--only","codex__gpt-6-luna__max__default__r70-4-rust__r2","--no-gate","--retries","0","--jobs","1","--no-status-pause","--cleanup"]
PREFLIGHT host=ubuntu-8gb-nbg1-1 free_bytes=11563892736 active_cells=0 plan_sha256=15728e3ca69205060c221757648e52c4f25edad26d34fd53920f8a79bf43f649
DRY-RUN index=23 cell_id=codex__gpt-6-luna__max__default__r70-4-zig__r2 argv_sha256=e3aa73772fdfcd51cd657c49f92d39312846d1e843520cc378f89345db5babeb argv=["/opt/bench/mise/installs/python/3.14.7/bin/python3","bench.py","run","public-source-location-withheld","--only","codex__gpt-6-luna__max__default__r70-4-zig__r2","--no-gate","--retries","0","--jobs","1","--no-status-pause","--cleanup"]
PREFLIGHT host=ubuntu-8gb-nbg1-1 free_bytes=11563892736 active_cells=0 plan_sha256=15728e3ca69205060c221757648e52c4f25edad26d34fd53920f8a79bf43f649
DRY-RUN index=24 cell_id=codex__gpt-6-luna__max__default__r70-5-rust__r2 argv_sha256=c28f4915c2e3be79b129de213a8d3a037ac844cc2bdd377a3f74c6bac1d3e412 argv=["/opt/bench/mise/installs/python/3.14.7/bin/python3","bench.py","run","public-source-location-withheld","--only","codex__gpt-6-luna__max__default__r70-5-rust__r2","--no-gate","--retries","0","--jobs","1","--no-status-pause","--cleanup"]
PREFLIGHT host=ubuntu-8gb-nbg1-1 free_bytes=11563892736 active_cells=0 plan_sha256=15728e3ca69205060c221757648e52c4f25edad26d34fd53920f8a79bf43f649
DRY-RUN index=25 cell_id=codex__gpt-6-luna__max__default__r70-5-zig__r2 argv_sha256=a26ae91cdd91fb0f85417d19c0dc194078210feee6b23c646386646afb968076 argv=["/opt/bench/mise/installs/python/3.14.7/bin/python3","bench.py","run","public-source-location-withheld","--only","codex__gpt-6-luna__max__default__r70-5-zig__r2","--no-gate","--retries","0","--jobs","1","--no-status-pause","--cleanup"]
PREFLIGHT host=ubuntu-8gb-nbg1-1 free_bytes=11563892736 active_cells=0 plan_sha256=15728e3ca69205060c221757648e52c4f25edad26d34fd53920f8a79bf43f649
DRY-RUN index=26 cell_id=codex__gpt-6-luna__max__default__r70-7-zig__r1 argv_sha256=1d0fb201163ce08f7dcc4c255d17702965b1a9e9360f8b509602e7d5faff5828 argv=["/opt/bench/mise/installs/python/3.14.7/bin/python3","bench.py","run","public-source-location-withheld","--only","codex__gpt-6-luna__max__default__r70-7-zig__r1","--no-gate","--retries","0","--jobs","1","--no-status-pause","--cleanup"]
PREFLIGHT host=ubuntu-8gb-nbg1-1 free_bytes=11563892736 active_cells=0 plan_sha256=15728e3ca69205060c221757648e52c4f25edad26d34fd53920f8a79bf43f649
DRY-RUN index=27 cell_id=codex__gpt-6-luna__max__default__r70-7-rust__r1 argv_sha256=808889297a15941619847e866968828ebec5fbf1cc30d9f4d25023d2d8b9c5bb argv=["/opt/bench/mise/installs/python/3.14.7/bin/python3","bench.py","run","public-source-location-withheld","--only","codex__gpt-6-luna__max__default__r70-7-rust__r1","--no-gate","--retries","0","--jobs","1","--no-status-pause","--cleanup"]
PREFLIGHT host=ubuntu-8gb-nbg1-1 free_bytes=11563892736 active_cells=0 plan_sha256=15728e3ca69205060c221757648e52c4f25edad26d34fd53920f8a79bf43f649
DRY-RUN index=28 cell_id=codex__gpt-6-luna__max__default__r70-3-zig__r3 argv_sha256=aa994c440c966b2804dad0ef7a739dd6949a9c466dc8b789ecdef180b2a7bebd argv=["/opt/bench/mise/installs/python/3.14.7/bin/python3","bench.py","run","public-source-location-withheld","--only","codex__gpt-6-luna__max__default__r70-3-zig__r3","--no-gate","--retries","0","--jobs","1","--no-status-pause","--cleanup"]
PREFLIGHT host=ubuntu-8gb-nbg1-1 free_bytes=11563892736 active_cells=0 plan_sha256=15728e3ca69205060c221757648e52c4f25edad26d34fd53920f8a79bf43f649
DRY-RUN index=29 cell_id=codex__gpt-6-luna__max__default__r70-3-rust__r3 argv_sha256=a7e1def1d760956a4162012194f636fb16da95c00512f5f19b5bdc0521604665 argv=["/opt/bench/mise/installs/python/3.14.7/bin/python3","bench.py","run","public-source-location-withheld","--only","codex__gpt-6-luna__max__default__r70-3-rust__r3","--no-gate","--retries","0","--jobs","1","--no-status-pause","--cleanup"]
PREFLIGHT host=ubuntu-8gb-nbg1-1 free_bytes=11563892736 active_cells=0 plan_sha256=15728e3ca69205060c221757648e52c4f25edad26d34fd53920f8a79bf43f649
DRY-RUN index=30 cell_id=codex__gpt-6-luna__max__default__r70-4-rust__r1 argv_sha256=d4f8484c2ac2207516999f682867e1294e2cc83ef2dd6c21f2d2513dfa53f599 argv=["/opt/bench/mise/installs/python/3.14.7/bin/python3","bench.py","run","public-source-location-withheld","--only","codex__gpt-6-luna__max__default__r70-4-rust__r1","--no-gate","--retries","0","--jobs","1","--no-status-pause","--cleanup"]
PREFLIGHT host=ubuntu-8gb-nbg1-1 free_bytes=11563892736 active_cells=0 plan_sha256=15728e3ca69205060c221757648e52c4f25edad26d34fd53920f8a79bf43f649
DRY-RUN index=31 cell_id=codex__gpt-6-luna__max__default__r70-4-zig__r1 argv_sha256=b82ec1c18fce8233fe2307139500f4c8830f51fbd660c2e791fbea1f4b05ee15 argv=["/opt/bench/mise/installs/python/3.14.7/bin/python3","bench.py","run","public-source-location-withheld","--only","codex__gpt-6-luna__max__default__r70-4-zig__r1","--no-gate","--retries","0","--jobs","1","--no-status-pause","--cleanup"]
PREFLIGHT host=ubuntu-8gb-nbg1-1 free_bytes=11563892736 active_cells=0 plan_sha256=15728e3ca69205060c221757648e52c4f25edad26d34fd53920f8a79bf43f649
DRY-RUN index=32 cell_id=codex__gpt-6-luna__max__default__r70-2-rust__r2 argv_sha256=bad651d1e1bc0f1ef9f9c01c222e1f8b9f401f2fe114356a197adcc16c424a7a argv=["/opt/bench/mise/installs/python/3.14.7/bin/python3","bench.py","run","public-source-location-withheld","--only","codex__gpt-6-luna__max__default__r70-2-rust__r2","--no-gate","--retries","0","--jobs","1","--no-status-pause","--cleanup"]
PREFLIGHT host=ubuntu-8gb-nbg1-1 free_bytes=11563892736 active_cells=0 plan_sha256=15728e3ca69205060c221757648e52c4f25edad26d34fd53920f8a79bf43f649
DRY-RUN index=33 cell_id=codex__gpt-6-luna__max__default__r70-2-zig__r2 argv_sha256=11900fd9e53f58eda54b4f86ab23d78c1bfb7a561a0cc791ceffd66d2bfa46a9 argv=["/opt/bench/mise/installs/python/3.14.7/bin/python3","bench.py","run","public-source-location-withheld","--only","codex__gpt-6-luna__max__default__r70-2-zig__r2","--no-gate","--retries","0","--jobs","1","--no-status-pause","--cleanup"]
PREFLIGHT host=ubuntu-8gb-nbg1-1 free_bytes=11563892736 active_cells=0 plan_sha256=15728e3ca69205060c221757648e52c4f25edad26d34fd53920f8a79bf43f649
DRY-RUN index=34 cell_id=codex__gpt-6-luna__max__default__r70-8-rust__r2 argv_sha256=977c7cb2eebc0c2fa4b5188e6a1546befcec7e54f3408101d089f18bf332ea7e argv=["/opt/bench/mise/installs/python/3.14.7/bin/python3","bench.py","run","public-source-location-withheld","--only","codex__gpt-6-luna__max__default__r70-8-rust__r2","--no-gate","--retries","0","--jobs","1","--no-status-pause","--cleanup"]
PREFLIGHT host=ubuntu-8gb-nbg1-1 free_bytes=11563888640 active_cells=0 plan_sha256=15728e3ca69205060c221757648e52c4f25edad26d34fd53920f8a79bf43f649
DRY-RUN index=35 cell_id=codex__gpt-6-luna__max__default__r70-8-zig__r2 argv_sha256=5a3cdb70ffc5e7f12c27388899b01b1173aa72f05e344f4fa4687d8e592f0b09 argv=["/opt/bench/mise/installs/python/3.14.7/bin/python3","bench.py","run","public-source-location-withheld","--only","codex__gpt-6-luna__max__default__r70-8-zig__r2","--no-gate","--retries","0","--jobs","1","--no-status-pause","--cleanup"]
PREFLIGHT host=ubuntu-8gb-nbg1-1 free_bytes=11563888640 active_cells=0 plan_sha256=15728e3ca69205060c221757648e52c4f25edad26d34fd53920f8a79bf43f649
DRY-RUN index=36 cell_id=codex__gpt-6-luna__max__default__r70-6-zig__r3 argv_sha256=8abafd1cfd1de7ddd2fb889503e598af3def5d90c630750bd1f398878a9ea8c3 argv=["/opt/bench/mise/installs/python/3.14.7/bin/python3","bench.py","run","public-source-location-withheld","--only","codex__gpt-6-luna__max__default__r70-6-zig__r3","--no-gate","--retries","0","--jobs","1","--no-status-pause","--cleanup"]
PREFLIGHT host=ubuntu-8gb-nbg1-1 free_bytes=11563888640 active_cells=0 plan_sha256=15728e3ca69205060c221757648e52c4f25edad26d34fd53920f8a79bf43f649
DRY-RUN index=37 cell_id=codex__gpt-6-luna__max__default__r70-6-rust__r3 argv_sha256=994253ce44dd487fe4e85ce8bae7d9b1521a7c74f8af1a85a1288e311fadea86 argv=["/opt/bench/mise/installs/python/3.14.7/bin/python3","bench.py","run","public-source-location-withheld","--only","codex__gpt-6-luna__max__default__r70-6-rust__r3","--no-gate","--retries","0","--jobs","1","--no-status-pause","--cleanup"]
PREFLIGHT host=ubuntu-8gb-nbg1-1 free_bytes=11563888640 active_cells=0 plan_sha256=15728e3ca69205060c221757648e52c4f25edad26d34fd53920f8a79bf43f649
DRY-RUN index=38 cell_id=codex__gpt-6-luna__max__default__r70-1-zig__r2 argv_sha256=e5c302062f6c426eea0ad5f1d450a3ddfc38d86aaefc8350ed8e96f4161f5990 argv=["/opt/bench/mise/installs/python/3.14.7/bin/python3","bench.py","run","public-source-location-withheld","--only","codex__gpt-6-luna__max__default__r70-1-zig__r2","--no-gate","--retries","0","--jobs","1","--no-status-pause","--cleanup"]
PREFLIGHT host=ubuntu-8gb-nbg1-1 free_bytes=11563888640 active_cells=0 plan_sha256=15728e3ca69205060c221757648e52c4f25edad26d34fd53920f8a79bf43f649
DRY-RUN index=39 cell_id=codex__gpt-6-luna__max__default__r70-1-rust__r2 argv_sha256=af619b74f8b1667658d204d57507c9a6f005dc74144c55f31af9b4cf9ca8d350 argv=["/opt/bench/mise/installs/python/3.14.7/bin/python3","bench.py","run","public-source-location-withheld","--only","codex__gpt-6-luna__max__default__r70-1-rust__r2","--no-gate","--retries","0","--jobs","1","--no-status-pause","--cleanup"]
PREFLIGHT host=ubuntu-8gb-nbg1-1 free_bytes=11563888640 active_cells=0 plan_sha256=15728e3ca69205060c221757648e52c4f25edad26d34fd53920f8a79bf43f649
DRY-RUN index=40 cell_id=codex__gpt-6-luna__max__default__r70-2-zig__r1 argv_sha256=fa77bbedcf5dd430dd0599964d2bb7e84eae1d6b5ae7febac9877cea053591f8 argv=["/opt/bench/mise/installs/python/3.14.7/bin/python3","bench.py","run","public-source-location-withheld","--only","codex__gpt-6-luna__max__default__r70-2-zig__r1","--no-gate","--retries","0","--jobs","1","--no-status-pause","--cleanup"]
PREFLIGHT host=ubuntu-8gb-nbg1-1 free_bytes=11563876352 active_cells=0 plan_sha256=15728e3ca69205060c221757648e52c4f25edad26d34fd53920f8a79bf43f649
DRY-RUN index=41 cell_id=codex__gpt-6-luna__max__default__r70-2-rust__r1 argv_sha256=00563cad28e6309292717ef7e2fb46202ea4ea9d5bc256f411f4203041cc102b argv=["/opt/bench/mise/installs/python/3.14.7/bin/python3","bench.py","run","public-source-location-withheld","--only","codex__gpt-6-luna__max__default__r70-2-rust__r1","--no-gate","--retries","0","--jobs","1","--no-status-pause","--cleanup"]
PREFLIGHT host=ubuntu-8gb-nbg1-1 free_bytes=11563876352 active_cells=0 plan_sha256=15728e3ca69205060c221757648e52c4f25edad26d34fd53920f8a79bf43f649
DRY-RUN index=42 cell_id=codex__gpt-6-luna__max__default__r70-3-zig__r1 argv_sha256=9353bd4696983f4f2d691bbdcf0da13f20b68e61f1de1fdd60daed68c2b162e8 argv=["/opt/bench/mise/installs/python/3.14.7/bin/python3","bench.py","run","public-source-location-withheld","--only","codex__gpt-6-luna__max__default__r70-3-zig__r1","--no-gate","--retries","0","--jobs","1","--no-status-pause","--cleanup"]
PREFLIGHT host=ubuntu-8gb-nbg1-1 free_bytes=11563876352 active_cells=0 plan_sha256=15728e3ca69205060c221757648e52c4f25edad26d34fd53920f8a79bf43f649
DRY-RUN index=43 cell_id=codex__gpt-6-luna__max__default__r70-3-rust__r1 argv_sha256=b98a85ba6bfe36f84f1a9b582d8abae5a4fc57fd98dffe49b58ccd017e66ef61 argv=["/opt/bench/mise/installs/python/3.14.7/bin/python3","bench.py","run","public-source-location-withheld","--only","codex__gpt-6-luna__max__default__r70-3-rust__r1","--no-gate","--retries","0","--jobs","1","--no-status-pause","--cleanup"]
PREFLIGHT host=ubuntu-8gb-nbg1-1 free_bytes=11563876352 active_cells=0 plan_sha256=15728e3ca69205060c221757648e52c4f25edad26d34fd53920f8a79bf43f649
DRY-RUN index=44 cell_id=codex__gpt-6-luna__max__default__r70-3-rust__r2 argv_sha256=5aa7de0fbf67e8cd977287feffc6385d9cee482549fcea0f0de30734566f41e8 argv=["/opt/bench/mise/installs/python/3.14.7/bin/python3","bench.py","run","public-source-location-withheld","--only","codex__gpt-6-luna__max__default__r70-3-rust__r2","--no-gate","--retries","0","--jobs","1","--no-status-pause","--cleanup"]
PREFLIGHT host=ubuntu-8gb-nbg1-1 free_bytes=11563876352 active_cells=0 plan_sha256=15728e3ca69205060c221757648e52c4f25edad26d34fd53920f8a79bf43f649
DRY-RUN index=45 cell_id=codex__gpt-6-luna__max__default__r70-3-zig__r2 argv_sha256=c9ef189e4b17f06fd7ec9e31b6f85c713139f5a0743f1a2ee73e999ee3c09259 argv=["/opt/bench/mise/installs/python/3.14.7/bin/python3","bench.py","run","public-source-location-withheld","--only","codex__gpt-6-luna__max__default__r70-3-zig__r2","--no-gate","--retries","0","--jobs","1","--no-status-pause","--cleanup"]
PREFLIGHT host=ubuntu-8gb-nbg1-1 free_bytes=11563876352 active_cells=0 plan_sha256=15728e3ca69205060c221757648e52c4f25edad26d34fd53920f8a79bf43f649
DRY-RUN index=46 cell_id=codex__gpt-6-luna__max__default__r70-2-zig__r3 argv_sha256=1d4ed21154ace49f968b609e9ac0b6199dfd20571fc4967225863bf91de2b836 argv=["/opt/bench/mise/installs/python/3.14.7/bin/python3","bench.py","run","public-source-location-withheld","--only","codex__gpt-6-luna__max__default__r70-2-zig__r3","--no-gate","--retries","0","--jobs","1","--no-status-pause","--cleanup"]
PREFLIGHT host=ubuntu-8gb-nbg1-1 free_bytes=11563876352 active_cells=0 plan_sha256=15728e3ca69205060c221757648e52c4f25edad26d34fd53920f8a79bf43f649
DRY-RUN index=47 cell_id=codex__gpt-6-luna__max__default__r70-2-rust__r3 argv_sha256=5ad50897e689a04b34a3495da4b6315d4b614222d9fef6f814b5314cc4652dcc argv=["/opt/bench/mise/installs/python/3.14.7/bin/python3","bench.py","run","public-source-location-withheld","--only","codex__gpt-6-luna__max__default__r70-2-rust__r3","--no-gate","--retries","0","--jobs","1","--no-status-pause","--cleanup"]
RZ1 DONE mode=dry-run launched=0 printed=48 plan_sha256=15728e3ca69205060c221757648e52c4f25edad26d34fd53920f8a79bf43f649
