PREFLIGHT host=ubuntu-8gb-nbg1-1 free_bytes=11425751040 active_cells=0 plan_sha256=56978c2927e9bc0b0cf494483ebc866006a5f684730a6cd127683bc799dc45cc
PLAN lane=rz1-eu cells=42 plan_sha256=56978c2927e9bc0b0cf494483ebc866006a5f684730a6cd127683bc799dc45cc mode=launch scope=bulk release=true
RANGE from_index=24 to_index_exclusive=42 from_pair=13 through_pair=0
PREFLIGHT host=ubuntu-8gb-nbg1-1 free_bytes=11425746944 active_cells=0 plan_sha256=56978c2927e9bc0b0cf494483ebc866006a5f684730a6cd127683bc799dc45cc
START utc=2026-10-08T18:31:48Z index=24 cell_id=codex__gpt-6-luna__max__default__r70-3-rust__r3 argv_sha256=a7e1def1d760956a4162012194f636fb16da95c00512f5f19b5bdc0521604665
DISK utc=2026-10-08T18:32:03Z free_bytes=11414568960 pid=2750161
DISK utc=2026-10-08T18:32:18Z free_bytes=11414401024 pid=2750161
DISK utc=2026-10-08T18:32:33Z free_bytes=11414208512 pid=2750161
DISK utc=2026-10-08T18:32:48Z free_bytes=11414073344 pid=2750161
DISK utc=2026-10-08T18:33:03Z free_bytes=11413843968 pid=2750161
DISK utc=2026-10-08T18:33:18Z free_bytes=11413508096 pid=2750161
DISK utc=2026-10-08T18:33:33Z free_bytes=11413508096 pid=2750161
DISK utc=2026-10-08T18:33:48Z free_bytes=11413508096 pid=2750161
DISK utc=2026-10-08T18:34:03Z free_bytes=11413504000 pid=2750161
DISK utc=2026-10-08T18:34:19Z free_bytes=11413499904 pid=2750161
DISK utc=2026-10-08T18:34:34Z free_bytes=11413098496 pid=2750161
DISK utc=2026-10-08T18:34:49Z free_bytes=11412586496 pid=2750161
DISK utc=2026-10-08T18:35:04Z free_bytes=11409694720 pid=2750161
DISK utc=2026-10-08T18:35:19Z free_bytes=11409506304 pid=2750161
DISK utc=2026-10-08T18:35:34Z free_bytes=11409321984 pid=2750161
DISK utc=2026-10-08T18:35:49Z free_bytes=11409125376 pid=2750161
DISK utc=2026-10-08T18:36:04Z free_bytes=11408494592 pid=2750161
DISK utc=2026-10-08T18:36:19Z free_bytes=11388973056 pid=2750161
DISK utc=2026-10-08T18:36:34Z free_bytes=11388600320 pid=2750161
DISK utc=2026-10-08T18:36:49Z free_bytes=11388149760 pid=2750161
DISK utc=2026-10-08T18:37:04Z free_bytes=11387932672 pid=2750161
DISK utc=2026-10-08T18:37:19Z free_bytes=11387674624 pid=2750161
DISK utc=2026-10-08T18:37:34Z free_bytes=11382919168 pid=2750161
DISK utc=2026-10-08T18:37:49Z free_bytes=11382628352 pid=2750161
DISK utc=2026-10-08T18:38:04Z free_bytes=11382448128 pid=2750161
DISK utc=2026-10-08T18:38:19Z free_bytes=11382550528 pid=2750161
DISK utc=2026-10-08T18:38:34Z free_bytes=11382181888 pid=2750161
DISK utc=2026-10-08T18:38:49Z free_bytes=11377274880 pid=2750161
DISK utc=2026-10-08T18:39:04Z free_bytes=11380535296 pid=2750161
DISK utc=2026-10-08T18:39:19Z free_bytes=11380523008 pid=2750161
END utc=2026-10-08T18:39:29Z index=24 cell_id=codex__gpt-6-luna__max__default__r70-3-rust__r3 argv_sha256=a7e1def1d760956a4162012194f636fb16da95c00512f5f19b5bdc0521604665 rc=0
PREFLIGHT host=ubuntu-8gb-nbg1-1 free_bytes=11414409216 active_cells=0 plan_sha256=56978c2927e9bc0b0cf494483ebc866006a5f684730a6cd127683bc799dc45cc
START utc=2026-10-08T18:39:30Z index=25 cell_id=codex__gpt-6-luna__max__default__r70-3-zig__r3 argv_sha256=aa994c440c966b2804dad0ef7a739dd6949a9c466dc8b789ecdef180b2a7bebd
DISK utc=2026-10-08T18:39:45Z free_bytes=11365978112 pid=2754178
DISK utc=2026-10-08T18:40:00Z free_bytes=11365974016 pid=2754178
DISK utc=2026-10-08T18:40:15Z free_bytes=11365974016 pid=2754178
DISK utc=2026-10-08T18:40:30Z free_bytes=11365961728 pid=2754178
DISK utc=2026-10-08T18:40:45Z free_bytes=11365961728 pid=2754178
DISK utc=2026-10-08T18:41:00Z free_bytes=11310911488 pid=2754178
DISK utc=2026-10-08T18:41:15Z free_bytes=11310907392 pid=2754178
DISK utc=2026-10-08T18:41:30Z free_bytes=11310903296 pid=2754178
DISK utc=2026-10-08T18:41:45Z free_bytes=11295727616 pid=2754178
DISK utc=2026-10-08T18:42:00Z free_bytes=11294023680 pid=2754178
DISK utc=2026-10-08T18:42:15Z free_bytes=11293429760 pid=2754178
DISK utc=2026-10-08T18:42:30Z free_bytes=11293069312 pid=2754178
DISK utc=2026-10-08T18:42:45Z free_bytes=11292700672 pid=2754178
DISK utc=2026-10-08T18:43:00Z free_bytes=11292532736 pid=2754178
DISK utc=2026-10-08T18:43:15Z free_bytes=11291881472 pid=2754178
DISK utc=2026-10-08T18:43:30Z free_bytes=11291742208 pid=2754178
DISK utc=2026-10-08T18:43:45Z free_bytes=11291054080 pid=2754178
DISK utc=2026-10-08T18:44:00Z free_bytes=11291049984 pid=2754178
DISK utc=2026-10-08T18:44:15Z free_bytes=11291049984 pid=2754178
DISK utc=2026-10-08T18:44:30Z free_bytes=11291049984 pid=2754178
DISK utc=2026-10-08T18:44:45Z free_bytes=11290587136 pid=2754178
DISK utc=2026-10-08T18:45:00Z free_bytes=11289923584 pid=2754178
DISK utc=2026-10-08T18:45:15Z free_bytes=11287138304 pid=2754178
DISK utc=2026-10-08T18:45:30Z free_bytes=11286286336 pid=2754178
DISK utc=2026-10-08T18:45:45Z free_bytes=11286069248 pid=2754178
DISK utc=2026-10-08T18:46:00Z free_bytes=11285856256 pid=2754178
DISK utc=2026-10-08T18:46:15Z free_bytes=11285569536 pid=2754178
DISK utc=2026-10-08T18:46:30Z free_bytes=11285102592 pid=2754178
DISK utc=2026-10-08T18:46:45Z free_bytes=11266473984 pid=2754178
DISK utc=2026-10-08T18:47:00Z free_bytes=11266109440 pid=2754178
DISK utc=2026-10-08T18:47:15Z free_bytes=11266076672 pid=2754178
DISK utc=2026-10-08T18:47:30Z free_bytes=11266068480 pid=2754178
DISK utc=2026-10-08T18:47:45Z free_bytes=11265982464 pid=2754178
DISK utc=2026-10-08T18:48:00Z free_bytes=11265966080 pid=2754178
DISK utc=2026-10-08T18:48:15Z free_bytes=11252781056 pid=2754178
DISK utc=2026-10-08T18:48:30Z free_bytes=11252740096 pid=2754178
DISK utc=2026-10-08T18:48:45Z free_bytes=11252662272 pid=2754178
DISK utc=2026-10-08T18:49:00Z free_bytes=11252645888 pid=2754178
DISK utc=2026-10-08T18:49:15Z free_bytes=11252576256 pid=2754178
DISK utc=2026-10-08T18:49:30Z free_bytes=11239399424 pid=2754178
DISK utc=2026-10-08T18:49:45Z free_bytes=11239391232 pid=2754178
DISK utc=2026-10-08T18:50:00Z free_bytes=11239366656 pid=2754178
DISK utc=2026-10-08T18:50:15Z free_bytes=11239251968 pid=2754178
DISK utc=2026-10-08T18:50:30Z free_bytes=11239231488 pid=2754178
DISK utc=2026-10-08T18:50:45Z free_bytes=11239223296 pid=2754178
DISK utc=2026-10-08T18:51:00Z free_bytes=11246120960 pid=2754178
END utc=2026-10-08T18:51:00Z index=25 cell_id=codex__gpt-6-luna__max__default__r70-3-zig__r3 argv_sha256=aa994c440c966b2804dad0ef7a739dd6949a9c466dc8b789ecdef180b2a7bebd rc=0
PREFLIGHT host=ubuntu-8gb-nbg1-1 free_bytes=11409104896 active_cells=0 plan_sha256=56978c2927e9bc0b0cf494483ebc866006a5f684730a6cd127683bc799dc45cc
START utc=2026-10-08T18:51:01Z index=26 cell_id=codex__gpt-6-luna__max__default__r70-1-rust__r3 argv_sha256=3bbf8ecb62d15c68bf663335179636f6b012f348fdaf5cee4caed5ef95d1db8a
DISK utc=2026-10-08T18:51:16Z free_bytes=11360620544 pid=2758817
DISK utc=2026-10-08T18:51:31Z free_bytes=11360018432 pid=2758817
DISK utc=2026-10-08T18:51:46Z free_bytes=11359891456 pid=2758817
DISK utc=2026-10-08T18:52:01Z free_bytes=11359674368 pid=2758817
DISK utc=2026-10-08T18:52:16Z free_bytes=11359469568 pid=2758817
DISK utc=2026-10-08T18:52:31Z free_bytes=11359252480 pid=2758817
DISK utc=2026-10-08T18:52:46Z free_bytes=11358760960 pid=2758817
DISK utc=2026-10-08T18:53:01Z free_bytes=11358756864 pid=2758817
DISK utc=2026-10-08T18:53:16Z free_bytes=11358486528 pid=2758817
DISK utc=2026-10-08T18:53:31Z free_bytes=11358298112 pid=2758817
DISK utc=2026-10-08T18:53:46Z free_bytes=11298582528 pid=2758817
DISK utc=2026-10-08T18:54:01Z free_bytes=11253002240 pid=2758817
DISK utc=2026-10-08T18:54:16Z free_bytes=11252162560 pid=2758817
DISK utc=2026-10-08T18:54:31Z free_bytes=11251544064 pid=2758817
DISK utc=2026-10-08T18:54:46Z free_bytes=11250946048 pid=2758817
DISK utc=2026-10-08T18:55:01Z free_bytes=11250647040 pid=2758817
DISK utc=2026-10-08T18:55:16Z free_bytes=11250470912 pid=2758817
DISK utc=2026-10-08T18:55:31Z free_bytes=11249782784 pid=2758817
DISK utc=2026-10-08T18:55:46Z free_bytes=11249516544 pid=2758817
DISK utc=2026-10-08T18:56:01Z free_bytes=11243794432 pid=2758817
DISK utc=2026-10-08T18:56:16Z free_bytes=11240189952 pid=2758817
DISK utc=2026-10-08T18:56:31Z free_bytes=11239837696 pid=2758817
DISK utc=2026-10-08T18:56:46Z free_bytes=11239387136 pid=2758817
DISK utc=2026-10-08T18:57:01Z free_bytes=11239211008 pid=2758817
DISK utc=2026-10-08T18:57:16Z free_bytes=11238846464 pid=2758817
DISK utc=2026-10-08T18:57:31Z free_bytes=11234639872 pid=2758817
DISK utc=2026-10-08T18:57:46Z free_bytes=11234619392 pid=2758817
END utc=2026-10-08T18:57:53Z index=26 cell_id=codex__gpt-6-luna__max__default__r70-1-rust__r3 argv_sha256=3bbf8ecb62d15c68bf663335179636f6b012f348fdaf5cee4caed5ef95d1db8a rc=0
PREFLIGHT host=ubuntu-8gb-nbg1-1 free_bytes=11406626816 active_cells=0 plan_sha256=56978c2927e9bc0b0cf494483ebc866006a5f684730a6cd127683bc799dc45cc
START utc=2026-10-08T18:57:53Z index=27 cell_id=codex__gpt-6-luna__max__default__r70-1-zig__r3 argv_sha256=184b9103db75b5ed5023a75054e90f92679f7612a464ada9e7b06715da5491b6
DISK utc=2026-10-08T18:58:08Z free_bytes=11358216192 pid=2762931
DISK utc=2026-10-08T18:58:23Z free_bytes=11358216192 pid=2762931
DISK utc=2026-10-08T18:58:38Z free_bytes=11358216192 pid=2762931
DISK utc=2026-10-08T18:58:53Z free_bytes=11358212096 pid=2762931
DISK utc=2026-10-08T18:59:08Z free_bytes=11358212096 pid=2762931
DISK utc=2026-10-08T18:59:23Z free_bytes=11312947200 pid=2762931
DISK utc=2026-10-08T18:59:38Z free_bytes=11298942976 pid=2762931
DISK utc=2026-10-08T18:59:53Z free_bytes=11298816000 pid=2762931
DISK utc=2026-10-08T19:00:08Z free_bytes=11298627584 pid=2762931
DISK utc=2026-10-08T19:00:23Z free_bytes=11298426880 pid=2762931
DISK utc=2026-10-08T19:00:38Z free_bytes=11298246656 pid=2762931
DISK utc=2026-10-08T19:00:53Z free_bytes=11298144256 pid=2762931
DISK utc=2026-10-08T19:01:08Z free_bytes=11297738752 pid=2762931
DISK utc=2026-10-08T19:01:23Z free_bytes=11297738752 pid=2762931
DISK utc=2026-10-08T19:01:38Z free_bytes=11297738752 pid=2762931
DISK utc=2026-10-08T19:01:53Z free_bytes=11297734656 pid=2762931
DISK utc=2026-10-08T19:02:08Z free_bytes=11296370688 pid=2762931
DISK utc=2026-10-08T19:02:23Z free_bytes=11295719424 pid=2762931
DISK utc=2026-10-08T19:02:38Z free_bytes=11295399936 pid=2762931
DISK utc=2026-10-08T19:02:53Z free_bytes=11284819968 pid=2762931
DISK utc=2026-10-08T19:03:08Z free_bytes=11284656128 pid=2762931
DISK utc=2026-10-08T19:03:23Z free_bytes=11268431872 pid=2762931
DISK utc=2026-10-08T19:03:38Z free_bytes=11258302464 pid=2762931
DISK utc=2026-10-08T19:03:53Z free_bytes=11257954304 pid=2762931
DISK utc=2026-10-08T19:04:08Z free_bytes=11257782272 pid=2762931
DISK utc=2026-10-08T19:04:23Z free_bytes=11245953024 pid=2762931
DISK utc=2026-10-08T19:04:38Z free_bytes=11235639296 pid=2762931
DISK utc=2026-10-08T19:04:53Z free_bytes=11235446784 pid=2762931
DISK utc=2026-10-08T19:05:08Z free_bytes=11223519232 pid=2762931
DISK utc=2026-10-08T19:05:23Z free_bytes=11213484032 pid=2762931
END utc=2026-10-08T19:05:26Z index=27 cell_id=codex__gpt-6-luna__max__default__r70-1-zig__r3 argv_sha256=184b9103db75b5ed5023a75054e90f92679f7612a464ada9e7b06715da5491b6 rc=0
PREFLIGHT host=ubuntu-8gb-nbg1-1 free_bytes=11397021696 active_cells=0 plan_sha256=56978c2927e9bc0b0cf494483ebc866006a5f684730a6cd127683bc799dc45cc
START utc=2026-10-08T19:05:27Z index=28 cell_id=codex__gpt-6-luna__max__default__r70-4-rust__r1 argv_sha256=d4f8484c2ac2207516999f682867e1294e2cc83ef2dd6c21f2d2513dfa53f599
DISK utc=2026-10-08T19:05:42Z free_bytes=11394314240 pid=2766328
DISK utc=2026-10-08T19:05:57Z free_bytes=11394269184 pid=2766328
DISK utc=2026-10-08T19:06:12Z free_bytes=11394088960 pid=2766328
DISK utc=2026-10-08T19:06:27Z free_bytes=11393937408 pid=2766328
DISK utc=2026-10-08T19:06:42Z free_bytes=11393912832 pid=2766328
DISK utc=2026-10-08T19:06:57Z free_bytes=11393912832 pid=2766328
DISK utc=2026-10-08T19:07:12Z free_bytes=11393867776 pid=2766328
DISK utc=2026-10-08T19:07:27Z free_bytes=11381374976 pid=2766328
DISK utc=2026-10-08T19:07:42Z free_bytes=11381342208 pid=2766328
DISK utc=2026-10-08T19:07:57Z free_bytes=11381309440 pid=2766328
DISK utc=2026-10-08T19:08:12Z free_bytes=11381252096 pid=2766328
DISK utc=2026-10-08T19:08:27Z free_bytes=11381194752 pid=2766328
DISK utc=2026-10-08T19:08:42Z free_bytes=11381161984 pid=2766328
DISK utc=2026-10-08T19:08:57Z free_bytes=11377946624 pid=2766328
DISK utc=2026-10-08T19:09:12Z free_bytes=11376320512 pid=2766328
DISK utc=2026-10-08T19:09:27Z free_bytes=11376283648 pid=2766328
DISK utc=2026-10-08T19:09:42Z free_bytes=11375943680 pid=2766328
DISK utc=2026-10-08T19:09:57Z free_bytes=11375849472 pid=2766328
DISK utc=2026-10-08T19:10:12Z free_bytes=11375824896 pid=2766328
END utc=2026-10-08T19:10:14Z index=28 cell_id=codex__gpt-6-luna__max__default__r70-4-rust__r1 argv_sha256=d4f8484c2ac2207516999f682867e1294e2cc83ef2dd6c21f2d2513dfa53f599 rc=0
PREFLIGHT host=ubuntu-8gb-nbg1-1 free_bytes=11401441280 active_cells=0 plan_sha256=56978c2927e9bc0b0cf494483ebc866006a5f684730a6cd127683bc799dc45cc
START utc=2026-10-08T19:10:14Z index=29 cell_id=codex__gpt-6-luna__max__default__r70-4-zig__r1 argv_sha256=b82ec1c18fce8233fe2307139500f4c8830f51fbd660c2e791fbea1f4b05ee15
DISK utc=2026-10-08T19:10:29Z free_bytes=11353030656 pid=2769671
DISK utc=2026-10-08T19:10:44Z free_bytes=11353026560 pid=2769671
DISK utc=2026-10-08T19:10:59Z free_bytes=11353026560 pid=2769671
DISK utc=2026-10-08T19:11:14Z free_bytes=11353026560 pid=2769671
DISK utc=2026-10-08T19:11:30Z free_bytes=11353022464 pid=2769671
DISK utc=2026-10-08T19:11:45Z free_bytes=11307950080 pid=2769671
DISK utc=2026-10-08T19:12:00Z free_bytes=11288899584 pid=2769671
DISK utc=2026-10-08T19:12:15Z free_bytes=11287674880 pid=2769671
DISK utc=2026-10-08T19:12:30Z free_bytes=11287289856 pid=2769671
DISK utc=2026-10-08T19:12:45Z free_bytes=11287064576 pid=2769671
DISK utc=2026-10-08T19:13:00Z free_bytes=11286941696 pid=2769671
DISK utc=2026-10-08T19:13:15Z free_bytes=11286536192 pid=2769671
DISK utc=2026-10-08T19:13:30Z free_bytes=11286294528 pid=2769671
DISK utc=2026-10-08T19:13:45Z free_bytes=11286114304 pid=2769671
DISK utc=2026-10-08T19:14:00Z free_bytes=11285925888 pid=2769671
DISK utc=2026-10-08T19:14:15Z free_bytes=11285635072 pid=2769671
DISK utc=2026-10-08T19:14:30Z free_bytes=11281412096 pid=2769671
DISK utc=2026-10-08T19:14:45Z free_bytes=11240738816 pid=2769671
DISK utc=2026-10-08T19:15:00Z free_bytes=11240636416 pid=2769671
DISK utc=2026-10-08T19:15:15Z free_bytes=11239968768 pid=2769671
DISK utc=2026-10-08T19:15:30Z free_bytes=11229663232 pid=2769671
DISK utc=2026-10-08T19:15:45Z free_bytes=11229458432 pid=2769671
DISK utc=2026-10-08T19:16:00Z free_bytes=11214868480 pid=2769671
DISK utc=2026-10-08T19:16:15Z free_bytes=11214663680 pid=2769671
DISK utc=2026-10-08T19:16:30Z free_bytes=11213914112 pid=2769671
DISK utc=2026-10-08T19:16:45Z free_bytes=11203940352 pid=2769671
DISK utc=2026-10-08T19:17:00Z free_bytes=11188781056 pid=2769671
DISK utc=2026-10-08T19:17:15Z free_bytes=11178811392 pid=2769671
DISK utc=2026-10-08T19:17:30Z free_bytes=11164508160 pid=2769671
DISK utc=2026-10-08T19:17:45Z free_bytes=11164336128 pid=2769671
DISK utc=2026-10-08T19:18:00Z free_bytes=11140366336 pid=2769671
END utc=2026-10-08T19:18:08Z index=29 cell_id=codex__gpt-6-luna__max__default__r70-4-zig__r1 argv_sha256=b82ec1c18fce8233fe2307139500f4c8830f51fbd660c2e791fbea1f4b05ee15 rc=0
PREFLIGHT host=ubuntu-8gb-nbg1-1 free_bytes=11399098368 active_cells=0 plan_sha256=56978c2927e9bc0b0cf494483ebc866006a5f684730a6cd127683bc799dc45cc
START utc=2026-10-08T19:18:09Z index=30 cell_id=codex__gpt-6-luna__max__default__r70-7-zig__r2 argv_sha256=db90010ab408cfd1c8d00a3ef9051ada81bc762775101adbb268dee32ba62874
DISK utc=2026-10-08T19:18:24Z free_bytes=11350667264 pid=2773102
DISK utc=2026-10-08T19:18:39Z free_bytes=11350667264 pid=2773102
DISK utc=2026-10-08T19:18:54Z free_bytes=11350663168 pid=2773102
DISK utc=2026-10-08T19:19:09Z free_bytes=11350659072 pid=2773102
DISK utc=2026-10-08T19:19:24Z free_bytes=11350654976 pid=2773102
DISK utc=2026-10-08T19:19:39Z free_bytes=11305431040 pid=2773102
DISK utc=2026-10-08T19:19:54Z free_bytes=11290447872 pid=2773102
DISK utc=2026-10-08T19:20:09Z free_bytes=11290271744 pid=2773102
DISK utc=2026-10-08T19:20:24Z free_bytes=11290075136 pid=2773102
DISK utc=2026-10-08T19:20:39Z free_bytes=11289100288 pid=2773102
DISK utc=2026-10-08T19:20:54Z free_bytes=11288629248 pid=2773102
DISK utc=2026-10-08T19:21:09Z free_bytes=11288403968 pid=2773102
DISK utc=2026-10-08T19:21:24Z free_bytes=11287969792 pid=2773102
DISK utc=2026-10-08T19:21:39Z free_bytes=11286716416 pid=2773102
DISK utc=2026-10-08T19:21:54Z free_bytes=11275816960 pid=2773102
DISK utc=2026-10-08T19:22:09Z free_bytes=11260809216 pid=2773102
DISK utc=2026-10-08T19:22:24Z free_bytes=11259981824 pid=2773102
DISK utc=2026-10-08T19:22:39Z free_bytes=11259691008 pid=2773102
DISK utc=2026-10-08T19:22:54Z free_bytes=11259179008 pid=2773102
END utc=2026-10-08T19:22:57Z index=30 cell_id=codex__gpt-6-luna__max__default__r70-7-zig__r2 argv_sha256=db90010ab408cfd1c8d00a3ef9051ada81bc762775101adbb268dee32ba62874 rc=0
PREFLIGHT host=ubuntu-8gb-nbg1-1 free_bytes=11397292032 active_cells=0 plan_sha256=56978c2927e9bc0b0cf494483ebc866006a5f684730a6cd127683bc799dc45cc
START utc=2026-10-08T19:22:57Z index=31 cell_id=codex__gpt-6-luna__max__default__r70-7-rust__r2 argv_sha256=df24774426b3d406dbbc1c542d2b455e83e89e7c8947f6765aedabc3c0d0ab95
DISK utc=2026-10-08T19:23:12Z free_bytes=11394768896 pid=2775524
DISK utc=2026-10-08T19:23:27Z free_bytes=11394293760 pid=2775524
DISK utc=2026-10-08T19:23:42Z free_bytes=11394191360 pid=2775524
DISK utc=2026-10-08T19:23:57Z free_bytes=11393880064 pid=2775524
DISK utc=2026-10-08T19:24:12Z free_bytes=11378323456 pid=2775524
DISK utc=2026-10-08T19:24:27Z free_bytes=11377483776 pid=2775524
DISK utc=2026-10-08T19:24:42Z free_bytes=11377061888 pid=2775524
END utc=2026-10-08T19:24:52Z index=31 cell_id=codex__gpt-6-luna__max__default__r70-7-rust__r2 argv_sha256=df24774426b3d406dbbc1c542d2b455e83e89e7c8947f6765aedabc3c0d0ab95 rc=0
PREFLIGHT host=ubuntu-8gb-nbg1-1 free_bytes=11395936256 active_cells=0 plan_sha256=56978c2927e9bc0b0cf494483ebc866006a5f684730a6cd127683bc799dc45cc
START utc=2026-10-08T19:24:52Z index=32 cell_id=codex__gpt-6-luna__max__default__r70-1-zig__r2 argv_sha256=e5c302062f6c426eea0ad5f1d450a3ddfc38d86aaefc8350ed8e96f4161f5990
DISK utc=2026-10-08T19:25:07Z free_bytes=11347517440 pid=2777258
DISK utc=2026-10-08T19:25:22Z free_bytes=11347517440 pid=2777258
DISK utc=2026-10-08T19:25:37Z free_bytes=11347513344 pid=2777258
DISK utc=2026-10-08T19:25:52Z free_bytes=11347513344 pid=2777258
DISK utc=2026-10-08T19:26:07Z free_bytes=11347509248 pid=2777258
DISK utc=2026-10-08T19:26:22Z free_bytes=11302252544 pid=2777258
DISK utc=2026-10-08T19:26:37Z free_bytes=11288338432 pid=2777258
DISK utc=2026-10-08T19:26:52Z free_bytes=11287506944 pid=2777258
DISK utc=2026-10-08T19:27:07Z free_bytes=11287265280 pid=2777258
DISK utc=2026-10-08T19:27:22Z free_bytes=11287080960 pid=2777258
DISK utc=2026-10-08T19:27:37Z free_bytes=11286450176 pid=2777258
DISK utc=2026-10-08T19:27:52Z free_bytes=11286228992 pid=2777258
DISK utc=2026-10-08T19:28:07Z free_bytes=11286097920 pid=2777258
DISK utc=2026-10-08T19:28:22Z free_bytes=11285889024 pid=2777258
DISK utc=2026-10-08T19:28:37Z free_bytes=11285434368 pid=2777258
DISK utc=2026-10-08T19:28:52Z free_bytes=11285434368 pid=2777258
DISK utc=2026-10-08T19:29:07Z free_bytes=11285430272 pid=2777258
DISK utc=2026-10-08T19:29:22Z free_bytes=11285422080 pid=2777258
DISK utc=2026-10-08T19:29:37Z free_bytes=11284209664 pid=2777258
DISK utc=2026-10-08T19:29:52Z free_bytes=11282915328 pid=2777258
DISK utc=2026-10-08T19:30:07Z free_bytes=11282432000 pid=2777258
DISK utc=2026-10-08T19:30:22Z free_bytes=11255447552 pid=2777258
DISK utc=2026-10-08T19:30:37Z free_bytes=11255222272 pid=2777258
DISK utc=2026-10-08T19:30:52Z free_bytes=11254697984 pid=2777258
DISK utc=2026-10-08T19:31:07Z free_bytes=11254525952 pid=2777258
DISK utc=2026-10-08T19:31:22Z free_bytes=11254075392 pid=2777258
DISK utc=2026-10-08T19:31:37Z free_bytes=11231993856 pid=2777258
DISK utc=2026-10-08T19:31:52Z free_bytes=11231444992 pid=2777258
DISK utc=2026-10-08T19:32:07Z free_bytes=11231039488 pid=2777258
DISK utc=2026-10-08T19:32:22Z free_bytes=11230728192 pid=2777258
DISK utc=2026-10-08T19:32:37Z free_bytes=11230711808 pid=2777258
END utc=2026-10-08T19:32:52Z index=32 cell_id=codex__gpt-6-luna__max__default__r70-1-zig__r2 argv_sha256=e5c302062f6c426eea0ad5f1d450a3ddfc38d86aaefc8350ed8e96f4161f5990 rc=0
PREFLIGHT host=ubuntu-8gb-nbg1-1 free_bytes=11392577536 active_cells=0 plan_sha256=56978c2927e9bc0b0cf494483ebc866006a5f684730a6cd127683bc799dc45cc
START utc=2026-10-08T19:32:52Z index=33 cell_id=codex__gpt-6-luna__max__default__r70-1-rust__r2 argv_sha256=af619b74f8b1667658d204d57507c9a6f005dc74144c55f31af9b4cf9ca8d350
DISK utc=2026-10-08T19:33:07Z free_bytes=11343462400 pid=2781835
DISK utc=2026-10-08T19:33:22Z free_bytes=11343298560 pid=2781835
DISK utc=2026-10-08T19:33:37Z free_bytes=11343106048 pid=2781835
DISK utc=2026-10-08T19:33:52Z free_bytes=11342852096 pid=2781835
DISK utc=2026-10-08T19:34:07Z free_bytes=11342610432 pid=2781835
DISK utc=2026-10-08T19:34:22Z free_bytes=11342397440 pid=2781835
DISK utc=2026-10-08T19:34:37Z free_bytes=11342077952 pid=2781835
DISK utc=2026-10-08T19:34:52Z free_bytes=11342073856 pid=2781835
DISK utc=2026-10-08T19:35:07Z free_bytes=11341582336 pid=2781835
DISK utc=2026-10-08T19:35:22Z free_bytes=11282116608 pid=2781835
DISK utc=2026-10-08T19:35:37Z free_bytes=11277123584 pid=2781835
DISK utc=2026-10-08T19:35:52Z free_bytes=11233579008 pid=2781835
DISK utc=2026-10-08T19:36:07Z free_bytes=11232698368 pid=2781835
DISK utc=2026-10-08T19:36:22Z free_bytes=11231825920 pid=2781835
DISK utc=2026-10-08T19:36:37Z free_bytes=11231633408 pid=2781835
DISK utc=2026-10-08T19:36:52Z free_bytes=11231469568 pid=2781835
DISK utc=2026-10-08T19:37:07Z free_bytes=11230728192 pid=2781835
END utc=2026-10-08T19:37:11Z index=33 cell_id=codex__gpt-6-luna__max__default__r70-1-rust__r2 argv_sha256=af619b74f8b1667658d204d57507c9a6f005dc74144c55f31af9b4cf9ca8d350 rc=0
PREFLIGHT host=ubuntu-8gb-nbg1-1 free_bytes=11390414848 active_cells=0 plan_sha256=56978c2927e9bc0b0cf494483ebc866006a5f684730a6cd127683bc799dc45cc
START utc=2026-10-08T19:37:11Z index=34 cell_id=codex__gpt-6-luna__max__default__r70-2-rust__r1 argv_sha256=00563cad28e6309292717ef7e2fb46202ea4ea9d5bc256f411f4203041cc102b
DISK utc=2026-10-08T19:37:26Z free_bytes=11387715584 pid=2785249
DISK utc=2026-10-08T19:37:41Z free_bytes=11387314176 pid=2785249
DISK utc=2026-10-08T19:37:56Z free_bytes=11387047936 pid=2785249
DISK utc=2026-10-08T19:38:11Z free_bytes=11386880000 pid=2785249
DISK utc=2026-10-08T19:38:26Z free_bytes=11386753024 pid=2785249
DISK utc=2026-10-08T19:38:41Z free_bytes=11386576896 pid=2785249
DISK utc=2026-10-08T19:38:56Z free_bytes=11386376192 pid=2785249
DISK utc=2026-10-08T19:39:11Z free_bytes=11385765888 pid=2785249
DISK utc=2026-10-08T19:39:26Z free_bytes=11385524224 pid=2785249
DISK utc=2026-10-08T19:39:41Z free_bytes=11385516032 pid=2785249
DISK utc=2026-10-08T19:39:56Z free_bytes=11373969408 pid=2785249
DISK utc=2026-10-08T19:40:11Z free_bytes=11359449088 pid=2785249
DISK utc=2026-10-08T19:40:26Z free_bytes=11358994432 pid=2785249
DISK utc=2026-10-08T19:40:41Z free_bytes=11355881472 pid=2785249
DISK utc=2026-10-08T19:40:56Z free_bytes=11355672576 pid=2785249
DISK utc=2026-10-08T19:41:11Z free_bytes=11355463680 pid=2785249
DISK utc=2026-10-08T19:41:26Z free_bytes=11355164672 pid=2785249
DISK utc=2026-10-08T19:41:41Z free_bytes=11354636288 pid=2785249
DISK utc=2026-10-08T19:41:56Z free_bytes=11354402816 pid=2785249
END utc=2026-10-08T19:42:02Z index=34 cell_id=codex__gpt-6-luna__max__default__r70-2-rust__r1 argv_sha256=00563cad28e6309292717ef7e2fb46202ea4ea9d5bc256f411f4203041cc102b rc=0
PREFLIGHT host=ubuntu-8gb-nbg1-1 free_bytes=11388665856 active_cells=0 plan_sha256=56978c2927e9bc0b0cf494483ebc866006a5f684730a6cd127683bc799dc45cc
START utc=2026-10-08T19:42:03Z index=35 cell_id=codex__gpt-6-luna__max__default__r70-2-zig__r1 argv_sha256=fa77bbedcf5dd430dd0599964d2bb7e84eae1d6b5ae7febac9877cea053591f8
DISK utc=2026-10-08T19:42:18Z free_bytes=11334795264 pid=2788911
DISK utc=2026-10-08T19:42:33Z free_bytes=11334791168 pid=2788911
DISK utc=2026-10-08T19:42:48Z free_bytes=11334787072 pid=2788911
DISK utc=2026-10-08T19:43:03Z free_bytes=11334782976 pid=2788911
DISK utc=2026-10-08T19:43:18Z free_bytes=11334782976 pid=2788911
DISK utc=2026-10-08T19:43:33Z free_bytes=11288076288 pid=2788911
DISK utc=2026-10-08T19:43:48Z free_bytes=11287736320 pid=2788911
DISK utc=2026-10-08T19:44:03Z free_bytes=11287515136 pid=2788911
DISK utc=2026-10-08T19:44:18Z free_bytes=11287330816 pid=2788911
DISK utc=2026-10-08T19:44:33Z free_bytes=11287113728 pid=2788911
DISK utc=2026-10-08T19:44:48Z free_bytes=11286970368 pid=2788911
DISK utc=2026-10-08T19:45:03Z free_bytes=11286454272 pid=2788911
DISK utc=2026-10-08T19:45:18Z free_bytes=11286122496 pid=2788911
DISK utc=2026-10-08T19:45:33Z free_bytes=11285880832 pid=2788911
DISK utc=2026-10-08T19:45:48Z free_bytes=11285643264 pid=2788911
DISK utc=2026-10-08T19:46:03Z free_bytes=11285590016 pid=2788911
DISK utc=2026-10-08T19:46:18Z free_bytes=11285585920 pid=2788911
DISK utc=2026-10-08T19:46:33Z free_bytes=11285262336 pid=2788911
DISK utc=2026-10-08T19:46:48Z free_bytes=11267780608 pid=2788911
DISK utc=2026-10-08T19:47:03Z free_bytes=11267678208 pid=2788911
DISK utc=2026-10-08T19:47:18Z free_bytes=11255427072 pid=2788911
DISK utc=2026-10-08T19:47:33Z free_bytes=11255197696 pid=2788911
DISK utc=2026-10-08T19:47:48Z free_bytes=11255058432 pid=2788911
DISK utc=2026-10-08T19:48:03Z free_bytes=11254566912 pid=2788911
DISK utc=2026-10-08T19:48:18Z free_bytes=11254235136 pid=2788911
DISK utc=2026-10-08T19:48:33Z free_bytes=11253809152 pid=2788911
END utc=2026-10-08T19:48:38Z index=35 cell_id=codex__gpt-6-luna__max__default__r70-2-zig__r1 argv_sha256=fa77bbedcf5dd430dd0599964d2bb7e84eae1d6b5ae7febac9877cea053591f8 rc=0
PREFLIGHT host=ubuntu-8gb-nbg1-1 free_bytes=11381293056 active_cells=0 plan_sha256=56978c2927e9bc0b0cf494483ebc866006a5f684730a6cd127683bc799dc45cc
START utc=2026-10-08T19:48:38Z index=36 cell_id=codex__gpt-6-luna__max__default__r70-3-rust__r1 argv_sha256=b98a85ba6bfe36f84f1a9b582d8abae5a4fc57fd98dffe49b58ccd017e66ef61
DISK utc=2026-10-08T19:48:53Z free_bytes=11378507776 pid=2792740
DISK utc=2026-10-08T19:49:08Z free_bytes=11378311168 pid=2792740
DISK utc=2026-10-08T19:49:23Z free_bytes=11378176000 pid=2792740
DISK utc=2026-10-08T19:49:38Z free_bytes=11378016256 pid=2792740
DISK utc=2026-10-08T19:49:53Z free_bytes=11377856512 pid=2792740
DISK utc=2026-10-08T19:50:08Z free_bytes=11377643520 pid=2792740
DISK utc=2026-10-08T19:50:23Z free_bytes=11377426432 pid=2792740
DISK utc=2026-10-08T19:50:38Z free_bytes=11377283072 pid=2792740
DISK utc=2026-10-08T19:50:53Z free_bytes=11377074176 pid=2792740
DISK utc=2026-10-08T19:51:08Z free_bytes=11376431104 pid=2792740
DISK utc=2026-10-08T19:51:23Z free_bytes=11376427008 pid=2792740
DISK utc=2026-10-08T19:51:38Z free_bytes=11376427008 pid=2792740
DISK utc=2026-10-08T19:51:53Z free_bytes=11376156672 pid=2792740
DISK utc=2026-10-08T19:52:08Z free_bytes=11317149696 pid=2792740
DISK utc=2026-10-08T19:52:23Z free_bytes=11297087488 pid=2792740
DISK utc=2026-10-08T19:52:38Z free_bytes=11153084416 pid=2792740
DISK utc=2026-10-08T19:52:53Z free_bytes=11123425280 pid=2792740
DISK utc=2026-10-08T19:53:08Z free_bytes=11123249152 pid=2792740
DISK utc=2026-10-08T19:53:23Z free_bytes=11122958336 pid=2792740
DISK utc=2026-10-08T19:53:38Z free_bytes=11114311680 pid=2792740
DISK utc=2026-10-08T19:53:53Z free_bytes=11113926656 pid=2792740
DISK utc=2026-10-08T19:54:09Z free_bytes=11113615360 pid=2792740
DISK utc=2026-10-08T19:54:24Z free_bytes=11112902656 pid=2792740
DISK utc=2026-10-08T19:54:39Z free_bytes=11112546304 pid=2792740
DISK utc=2026-10-08T19:54:54Z free_bytes=11112312832 pid=2792740
DISK utc=2026-10-08T19:55:09Z free_bytes=11111956480 pid=2792740
DISK utc=2026-10-08T19:55:24Z free_bytes=11111538688 pid=2792740
DISK utc=2026-10-08T19:55:39Z free_bytes=11111559168 pid=2792740
DISK utc=2026-10-08T19:55:54Z free_bytes=11111366656 pid=2792740
DISK utc=2026-10-08T19:56:09Z free_bytes=11111198720 pid=2792740
DISK utc=2026-10-08T19:56:24Z free_bytes=11111170048 pid=2792740
DISK utc=2026-10-08T19:56:39Z free_bytes=11111149568 pid=2792740
DISK utc=2026-10-08T19:56:54Z free_bytes=11107274752 pid=2792740
DISK utc=2026-10-08T19:57:09Z free_bytes=11107258368 pid=2792740
DISK utc=2026-10-08T19:57:24Z free_bytes=11107221504 pid=2792740
END utc=2026-10-08T19:57:28Z index=36 cell_id=codex__gpt-6-luna__max__default__r70-3-rust__r1 argv_sha256=b98a85ba6bfe36f84f1a9b582d8abae5a4fc57fd98dffe49b58ccd017e66ef61 rc=0
PREFLIGHT host=ubuntu-8gb-nbg1-1 free_bytes=11373895680 active_cells=0 plan_sha256=56978c2927e9bc0b0cf494483ebc866006a5f684730a6cd127683bc799dc45cc
START utc=2026-10-08T19:57:28Z index=37 cell_id=codex__gpt-6-luna__max__default__r70-3-zig__r1 argv_sha256=9353bd4696983f4f2d691bbdcf0da13f20b68e61f1de1fdd60daed68c2b162e8
DISK utc=2026-10-08T19:57:43Z free_bytes=11325472768 pid=2799414
DISK utc=2026-10-08T19:57:58Z free_bytes=11325468672 pid=2799414
DISK utc=2026-10-08T19:58:13Z free_bytes=11325460480 pid=2799414
DISK utc=2026-10-08T19:58:28Z free_bytes=11325460480 pid=2799414
DISK utc=2026-10-08T19:58:43Z free_bytes=11325456384 pid=2799414
DISK utc=2026-10-08T19:58:58Z free_bytes=11270414336 pid=2799414
DISK utc=2026-10-08T19:59:13Z free_bytes=11270406144 pid=2799414
DISK utc=2026-10-08T19:59:28Z free_bytes=11270397952 pid=2799414
DISK utc=2026-10-08T19:59:43Z free_bytes=11255148544 pid=2799414
DISK utc=2026-10-08T19:59:58Z free_bytes=11254587392 pid=2799414
DISK utc=2026-10-08T20:00:13Z free_bytes=11254149120 pid=2799414
DISK utc=2026-10-08T20:00:28Z free_bytes=11254022144 pid=2799414
DISK utc=2026-10-08T20:00:43Z free_bytes=11253878784 pid=2799414
DISK utc=2026-10-08T20:00:58Z free_bytes=11253719040 pid=2799414
DISK utc=2026-10-08T20:01:13Z free_bytes=11253501952 pid=2799414
DISK utc=2026-10-08T20:01:28Z free_bytes=11253293056 pid=2799414
DISK utc=2026-10-08T20:01:43Z free_bytes=11253149696 pid=2799414
DISK utc=2026-10-08T20:01:58Z free_bytes=11252899840 pid=2799414
DISK utc=2026-10-08T20:02:13Z free_bytes=11252609024 pid=2799414
DISK utc=2026-10-08T20:02:28Z free_bytes=11252510720 pid=2799414
DISK utc=2026-10-08T20:02:43Z free_bytes=11252387840 pid=2799414
DISK utc=2026-10-08T20:02:58Z free_bytes=11252236288 pid=2799414
DISK utc=2026-10-08T20:03:13Z free_bytes=11252236288 pid=2799414
DISK utc=2026-10-08T20:03:28Z free_bytes=11252232192 pid=2799414
DISK utc=2026-10-08T20:03:43Z free_bytes=11252084736 pid=2799414
DISK utc=2026-10-08T20:03:58Z free_bytes=11251929088 pid=2799414
DISK utc=2026-10-08T20:04:13Z free_bytes=11250520064 pid=2799414
DISK utc=2026-10-08T20:04:28Z free_bytes=11250016256 pid=2799414
DISK utc=2026-10-08T20:04:43Z free_bytes=11230265344 pid=2799414
DISK utc=2026-10-08T20:04:58Z free_bytes=11229933568 pid=2799414
DISK utc=2026-10-08T20:05:13Z free_bytes=11229913088 pid=2799414
DISK utc=2026-10-08T20:05:28Z free_bytes=11229892608 pid=2799414
DISK utc=2026-10-08T20:05:43Z free_bytes=11229880320 pid=2799414
DISK utc=2026-10-08T20:05:58Z free_bytes=11229728768 pid=2799414
DISK utc=2026-10-08T20:06:13Z free_bytes=11229704192 pid=2799414
DISK utc=2026-10-08T20:06:28Z free_bytes=11214995456 pid=2799414
DISK utc=2026-10-08T20:06:43Z free_bytes=11214979072 pid=2799414
DISK utc=2026-10-08T20:06:58Z free_bytes=11214962688 pid=2799414
DISK utc=2026-10-08T20:07:13Z free_bytes=11201880064 pid=2799414
DISK utc=2026-10-08T20:07:28Z free_bytes=11201851392 pid=2799414
DISK utc=2026-10-08T20:07:43Z free_bytes=11201830912 pid=2799414
END utc=2026-10-08T20:07:45Z index=37 cell_id=codex__gpt-6-luna__max__default__r70-3-zig__r1 argv_sha256=9353bd4696983f4f2d691bbdcf0da13f20b68e61f1de1fdd60daed68c2b162e8 rc=0
PREFLIGHT host=ubuntu-8gb-nbg1-1 free_bytes=11374157824 active_cells=0 plan_sha256=56978c2927e9bc0b0cf494483ebc866006a5f684730a6cd127683bc799dc45cc
START utc=2026-10-08T20:07:45Z index=38 cell_id=codex__gpt-6-luna__max__default__r70-3-rust__r2 argv_sha256=5aa7de0fbf67e8cd977287feffc6385d9cee482549fcea0f0de30734566f41e8
DISK utc=2026-10-08T20:08:00Z free_bytes=11371110400 pid=2805077
DISK utc=2026-10-08T20:08:15Z free_bytes=11370881024 pid=2805077
DISK utc=2026-10-08T20:08:30Z free_bytes=11370631168 pid=2805077
DISK utc=2026-10-08T20:08:45Z free_bytes=11370520576 pid=2805077
DISK utc=2026-10-08T20:09:00Z free_bytes=11369488384 pid=2805077
DISK utc=2026-10-08T20:09:15Z free_bytes=11369164800 pid=2805077
DISK utc=2026-10-08T20:09:30Z free_bytes=11368767488 pid=2805077
DISK utc=2026-10-08T20:09:45Z free_bytes=11368255488 pid=2805077
DISK utc=2026-10-08T20:10:00Z free_bytes=11367899136 pid=2805077
DISK utc=2026-10-08T20:10:15Z free_bytes=11367895040 pid=2805077
DISK utc=2026-10-08T20:10:30Z free_bytes=11367583744 pid=2805077
DISK utc=2026-10-08T20:10:45Z free_bytes=11258986496 pid=2805077
DISK utc=2026-10-08T20:11:00Z free_bytes=11085996032 pid=2805077
DISK utc=2026-10-08T20:11:15Z free_bytes=10929164288 pid=2805077
DISK utc=2026-10-08T20:11:30Z free_bytes=10904559616 pid=2805077
DISK utc=2026-10-08T20:11:45Z free_bytes=10810667008 pid=2805077
DISK utc=2026-10-08T20:12:00Z free_bytes=10810302464 pid=2805077
DISK utc=2026-10-08T20:12:15Z free_bytes=10809958400 pid=2805077
DISK utc=2026-10-08T20:12:30Z free_bytes=10809360384 pid=2805077
DISK utc=2026-10-08T20:12:45Z free_bytes=10720002048 pid=2805077
DISK utc=2026-10-08T20:13:00Z free_bytes=10656518144 pid=2805077
DISK utc=2026-10-08T20:13:15Z free_bytes=10613227520 pid=2805077
DISK utc=2026-10-08T20:13:30Z free_bytes=10584645632 pid=2805077
DISK utc=2026-10-08T20:13:45Z free_bytes=10571694080 pid=2805077
DISK utc=2026-10-08T20:14:00Z free_bytes=10569707520 pid=2805077
DISK utc=2026-10-08T20:14:15Z free_bytes=10569674752 pid=2805077
DISK utc=2026-10-08T20:14:30Z free_bytes=10569650176 pid=2805077
DISK utc=2026-10-08T20:14:45Z free_bytes=10569555968 pid=2805077
DISK utc=2026-10-08T20:15:00Z free_bytes=10569539584 pid=2805077
DISK utc=2026-10-08T20:15:15Z free_bytes=10569330688 pid=2805077
DISK utc=2026-10-08T20:15:30Z free_bytes=10569232384 pid=2805077
DISK utc=2026-10-08T20:15:45Z free_bytes=10569207808 pid=2805077
DISK utc=2026-10-08T20:16:01Z free_bytes=10506866688 pid=2805077
DISK utc=2026-10-08T20:16:16Z free_bytes=10501816320 pid=2805077
DISK utc=2026-10-08T20:16:31Z free_bytes=10383728640 pid=2805077
DISK utc=2026-10-08T20:16:46Z free_bytes=10355990528 pid=2805077
DISK utc=2026-10-08T20:17:01Z free_bytes=10355847168 pid=2805077
END utc=2026-10-08T20:17:14Z index=38 cell_id=codex__gpt-6-luna__max__default__r70-3-rust__r2 argv_sha256=5aa7de0fbf67e8cd977287feffc6385d9cee482549fcea0f0de30734566f41e8 rc=0
STOP marker present: public-source-location-withheld
