PREFLIGHT host=ubuntu-8gb-nbg1-1 free_bytes=13139505152 active_cells=0 plan_sha256=56978c2927e9bc0b0cf494483ebc866006a5f684730a6cd127683bc799dc45cc
PLAN lane=rz1-eu cells=42 plan_sha256=56978c2927e9bc0b0cf494483ebc866006a5f684730a6cd127683bc799dc45cc mode=launch scope=bulk release=true
RANGE from_index=40 to_index_exclusive=42 from_pair=21 through_pair=0
PREFLIGHT host=ubuntu-8gb-nbg1-1 free_bytes=13139501056 active_cells=0 plan_sha256=56978c2927e9bc0b0cf494483ebc866006a5f684730a6cd127683bc799dc45cc
START utc=2026-10-09T01:58:20Z index=40 cell_id=codex__gpt-6-luna__max__default__r70-2-zig__r3 argv_sha256=1d4ed21154ace49f968b609e9ac0b6199dfd20571fc4967225863bf91de2b836
DISK utc=2026-10-09T01:58:35Z free_bytes=13091082240 pid=2942286
DISK utc=2026-10-09T01:58:50Z free_bytes=13091078144 pid=2942286
DISK utc=2026-10-09T01:59:05Z free_bytes=13091074048 pid=2942286
DISK utc=2026-10-09T01:59:20Z free_bytes=13091069952 pid=2942286
DISK utc=2026-10-09T01:59:35Z free_bytes=13091061760 pid=2942286
DISK utc=2026-10-09T01:59:50Z free_bytes=13035945984 pid=2942286
DISK utc=2026-10-09T02:00:05Z free_bytes=13035012096 pid=2942286
DISK utc=2026-10-09T02:00:20Z free_bytes=13034868736 pid=2942286
DISK utc=2026-10-09T02:00:35Z free_bytes=13034098688 pid=2942286
DISK utc=2026-10-09T02:00:50Z free_bytes=13033873408 pid=2942286
DISK utc=2026-10-09T02:01:05Z free_bytes=13033680896 pid=2942286
DISK utc=2026-10-09T02:01:20Z free_bytes=13033517056 pid=2942286
DISK utc=2026-10-09T02:01:35Z free_bytes=13033324544 pid=2942286
DISK utc=2026-10-09T02:01:50Z free_bytes=13032923136 pid=2942286
DISK utc=2026-10-09T02:02:05Z free_bytes=13032882176 pid=2942286
DISK utc=2026-10-09T02:02:20Z free_bytes=13032873984 pid=2942286
DISK utc=2026-10-09T02:02:35Z free_bytes=13032607744 pid=2942286
DISK utc=2026-10-09T02:02:50Z free_bytes=13030203392 pid=2942286
DISK utc=2026-10-09T02:03:05Z free_bytes=13030047744 pid=2942286
DISK utc=2026-10-09T02:03:20Z free_bytes=13029834752 pid=2942286
DISK utc=2026-10-09T02:03:35Z free_bytes=13029597184 pid=2942286
DISK utc=2026-10-09T02:03:50Z free_bytes=13013381120 pid=2942286
DISK utc=2026-10-09T02:04:05Z free_bytes=13012152320 pid=2942286
DISK utc=2026-10-09T02:04:20Z free_bytes=13011804160 pid=2942286
DISK utc=2026-10-09T02:04:35Z free_bytes=13011083264 pid=2942286
DISK utc=2026-10-09T02:04:50Z free_bytes=13010866176 pid=2942286
DISK utc=2026-10-09T02:05:05Z free_bytes=13010743296 pid=2942286
DISK utc=2026-10-09T02:05:20Z free_bytes=13010300928 pid=2942286
DISK utc=2026-10-09T02:05:35Z free_bytes=12997853184 pid=2942286
END utc=2026-10-09T02:05:41Z index=40 cell_id=codex__gpt-6-luna__max__default__r70-2-zig__r3 argv_sha256=1d4ed21154ace49f968b609e9ac0b6199dfd20571fc4967225863bf91de2b836 rc=0
PREFLIGHT host=ubuntu-8gb-nbg1-1 free_bytes=13128658944 active_cells=0 plan_sha256=56978c2927e9bc0b0cf494483ebc866006a5f684730a6cd127683bc799dc45cc
START utc=2026-10-09T02:05:41Z index=41 cell_id=codex__gpt-6-luna__max__default__r70-2-rust__r3 argv_sha256=5ad50897e689a04b34a3495da4b6315d4b614222d9fef6f814b5314cc4652dcc
DISK utc=2026-10-09T02:05:56Z free_bytes=13126094848 pid=2949309
DISK utc=2026-10-09T02:06:11Z free_bytes=13125943296 pid=2949309
DISK utc=2026-10-09T02:06:26Z free_bytes=13125750784 pid=2949309
DISK utc=2026-10-09T02:06:41Z free_bytes=13125558272 pid=2949309
DISK utc=2026-10-09T02:06:56Z free_bytes=13125414912 pid=2949309
DISK utc=2026-10-09T02:07:11Z free_bytes=13124853760 pid=2949309
DISK utc=2026-10-09T02:07:26Z free_bytes=13124648960 pid=2949309
DISK utc=2026-10-09T02:07:41Z free_bytes=13122342912 pid=2949309
DISK utc=2026-10-09T02:07:56Z free_bytes=13121851392 pid=2949309
DISK utc=2026-10-09T02:08:11Z free_bytes=13110358016 pid=2949309
DISK utc=2026-10-09T02:08:26Z free_bytes=13110202368 pid=2949309
DISK utc=2026-10-09T02:08:41Z free_bytes=13110067200 pid=2949309
DISK utc=2026-10-09T02:08:56Z free_bytes=13109874688 pid=2949309
DISK utc=2026-10-09T02:09:11Z free_bytes=13109727232 pid=2949309
DISK utc=2026-10-09T02:09:26Z free_bytes=13109596160 pid=2949309
DISK utc=2026-10-09T02:09:41Z free_bytes=13109399552 pid=2949309
DISK utc=2026-10-09T02:09:56Z free_bytes=13104558080 pid=2949309
DISK utc=2026-10-09T02:10:11Z free_bytes=13104418816 pid=2949309
DISK utc=2026-10-09T02:10:26Z free_bytes=13104271360 pid=2949309
DISK utc=2026-10-09T02:10:41Z free_bytes=13103665152 pid=2949309
DISK utc=2026-10-09T02:10:56Z free_bytes=13103542272 pid=2949309
END utc=2026-10-09T02:11:10Z index=41 cell_id=codex__gpt-6-luna__max__default__r70-2-rust__r3 argv_sha256=5ad50897e689a04b34a3495da4b6315d4b614222d9fef6f814b5314cc4652dcc rc=0
RZ1 DONE mode=launch scope=bulk launched=2 plan_sha256=56978c2927e9bc0b0cf494483ebc866006a5f684730a6cd127683bc799dc45cc
