PREFLIGHT host=ubuntu-8gb-nbg1-1 free_bytes=11474079744 active_cells=0 plan_sha256=56978c2927e9bc0b0cf494483ebc866006a5f684730a6cd127683bc799dc45cc
PLAN lane=rz1-eu cells=42 plan_sha256=56978c2927e9bc0b0cf494483ebc866006a5f684730a6cd127683bc799dc45cc mode=launch scope=bulk release=true
RANGE from_index=2 to_index_exclusive=24 from_pair=0 through_pair=12
PREFLIGHT host=ubuntu-8gb-nbg1-1 free_bytes=11474075648 active_cells=0 plan_sha256=56978c2927e9bc0b0cf494483ebc866006a5f684730a6cd127683bc799dc45cc
START utc=2026-10-08T16:01:07Z index=2 cell_id=codex__gpt-6-luna__max__default__r70-7-zig__r1 argv_sha256=1d0fb201163ce08f7dcc4c255d17702965b1a9e9360f8b509602e7d5faff5828
DISK utc=2026-10-08T16:01:22Z free_bytes=11425636352 pid=2675990
DISK utc=2026-10-08T16:01:37Z free_bytes=11425632256 pid=2675990
DISK utc=2026-10-08T16:01:52Z free_bytes=11425628160 pid=2675990
DISK utc=2026-10-08T16:02:07Z free_bytes=11425628160 pid=2675990
DISK utc=2026-10-08T16:02:22Z free_bytes=11425628160 pid=2675990
DISK utc=2026-10-08T16:02:37Z free_bytes=11380404224 pid=2675990
DISK utc=2026-10-08T16:02:52Z free_bytes=11365683200 pid=2675990
DISK utc=2026-10-08T16:03:07Z free_bytes=11365298176 pid=2675990
DISK utc=2026-10-08T16:03:22Z free_bytes=11364773888 pid=2675990
DISK utc=2026-10-08T16:03:37Z free_bytes=11364577280 pid=2675990
DISK utc=2026-10-08T16:03:52Z free_bytes=11364069376 pid=2675990
DISK utc=2026-10-08T16:04:07Z free_bytes=11363770368 pid=2675990
DISK utc=2026-10-08T16:04:22Z free_bytes=11363770368 pid=2675990
DISK utc=2026-10-08T16:04:37Z free_bytes=11363147776 pid=2675990
DISK utc=2026-10-08T16:04:52Z free_bytes=11362099200 pid=2675990
DISK utc=2026-10-08T16:05:07Z free_bytes=11336904704 pid=2675990
DISK utc=2026-10-08T16:05:22Z free_bytes=11336781824 pid=2675990
DISK utc=2026-10-08T16:05:37Z free_bytes=11336605696 pid=2675990
DISK utc=2026-10-08T16:05:52Z free_bytes=11322015744 pid=2675990
DISK utc=2026-10-08T16:06:07Z free_bytes=11311366144 pid=2675990
DISK utc=2026-10-08T16:06:22Z free_bytes=11310624768 pid=2675990
DISK utc=2026-10-08T16:06:37Z free_bytes=11310174208 pid=2675990
DISK utc=2026-10-08T16:06:52Z free_bytes=11309813760 pid=2675990
DISK utc=2026-10-08T16:07:07Z free_bytes=11295227904 pid=2675990
DISK utc=2026-10-08T16:07:23Z free_bytes=11284819968 pid=2675990
END utc=2026-10-08T16:07:32Z index=2 cell_id=codex__gpt-6-luna__max__default__r70-7-zig__r1 argv_sha256=1d0fb201163ce08f7dcc4c255d17702965b1a9e9360f8b509602e7d5faff5828 rc=0
PREFLIGHT host=ubuntu-8gb-nbg1-1 free_bytes=11468546048 active_cells=0 plan_sha256=56978c2927e9bc0b0cf494483ebc866006a5f684730a6cd127683bc799dc45cc
START utc=2026-10-08T16:07:33Z index=3 cell_id=codex__gpt-6-luna__max__default__r70-7-rust__r1 argv_sha256=808889297a15941619847e866968828ebec5fbf1cc30d9f4d25023d2d8b9c5bb
DISK utc=2026-10-08T16:07:48Z free_bytes=11465883648 pid=2678174
DISK utc=2026-10-08T16:08:03Z free_bytes=11465785344 pid=2678174
DISK utc=2026-10-08T16:08:18Z free_bytes=11465744384 pid=2678174
DISK utc=2026-10-08T16:08:33Z free_bytes=11465449472 pid=2678174
DISK utc=2026-10-08T16:08:48Z free_bytes=11465334784 pid=2678174
DISK utc=2026-10-08T16:09:03Z free_bytes=11465334784 pid=2678174
DISK utc=2026-10-08T16:09:18Z free_bytes=11464876032 pid=2678174
DISK utc=2026-10-08T16:09:33Z free_bytes=11452198912 pid=2678174
DISK utc=2026-10-08T16:09:48Z free_bytes=11445030912 pid=2678174
DISK utc=2026-10-08T16:10:03Z free_bytes=11444813824 pid=2678174
DISK utc=2026-10-08T16:10:18Z free_bytes=11444314112 pid=2678174
DISK utc=2026-10-08T16:10:33Z free_bytes=11443269632 pid=2678174
DISK utc=2026-10-08T16:10:48Z free_bytes=11443208192 pid=2678174
END utc=2026-10-08T16:10:59Z index=3 cell_id=codex__gpt-6-luna__max__default__r70-7-rust__r1 argv_sha256=808889297a15941619847e866968828ebec5fbf1cc30d9f4d25023d2d8b9c5bb rc=0
PREFLIGHT host=ubuntu-8gb-nbg1-1 free_bytes=11467759616 active_cells=0 plan_sha256=56978c2927e9bc0b0cf494483ebc866006a5f684730a6cd127683bc799dc45cc
START utc=2026-10-08T16:10:59Z index=4 cell_id=codex__gpt-6-luna__max__default__r70-1-zig__r1 argv_sha256=4b94417e627a77091b835163ced5828a1e527c501384b279cdd9b9370708ba93
DISK utc=2026-10-08T16:11:14Z free_bytes=11419340800 pid=2680021
DISK utc=2026-10-08T16:11:29Z free_bytes=11419336704 pid=2680021
DISK utc=2026-10-08T16:11:44Z free_bytes=11419332608 pid=2680021
DISK utc=2026-10-08T16:11:59Z free_bytes=11419332608 pid=2680021
DISK utc=2026-10-08T16:12:14Z free_bytes=11419328512 pid=2680021
DISK utc=2026-10-08T16:12:29Z free_bytes=11374071808 pid=2680021
DISK utc=2026-10-08T16:12:44Z free_bytes=11360292864 pid=2680021
DISK utc=2026-10-08T16:12:59Z free_bytes=11359522816 pid=2680021
DISK utc=2026-10-08T16:13:14Z free_bytes=11359379456 pid=2680021
DISK utc=2026-10-08T16:13:29Z free_bytes=11359191040 pid=2680021
DISK utc=2026-10-08T16:13:44Z free_bytes=11358797824 pid=2680021
DISK utc=2026-10-08T16:13:59Z free_bytes=11358547968 pid=2680021
DISK utc=2026-10-08T16:14:14Z free_bytes=11358388224 pid=2680021
DISK utc=2026-10-08T16:14:29Z free_bytes=11358126080 pid=2680021
DISK utc=2026-10-08T16:14:44Z free_bytes=11358126080 pid=2680021
DISK utc=2026-10-08T16:14:59Z free_bytes=11358126080 pid=2680021
DISK utc=2026-10-08T16:15:14Z free_bytes=11357700096 pid=2680021
DISK utc=2026-10-08T16:15:29Z free_bytes=11357364224 pid=2680021
DISK utc=2026-10-08T16:15:44Z free_bytes=11356762112 pid=2680021
DISK utc=2026-10-08T16:15:59Z free_bytes=11356631040 pid=2680021
DISK utc=2026-10-08T16:16:14Z free_bytes=11345993728 pid=2680021
DISK utc=2026-10-08T16:16:29Z free_bytes=11345805312 pid=2680021
DISK utc=2026-10-08T16:16:44Z free_bytes=11345743872 pid=2680021
DISK utc=2026-10-08T16:16:59Z free_bytes=11319541760 pid=2680021
DISK utc=2026-10-08T16:17:14Z free_bytes=11319132160 pid=2680021
DISK utc=2026-10-08T16:17:29Z free_bytes=11318738944 pid=2680021
DISK utc=2026-10-08T16:17:44Z free_bytes=11318521856 pid=2680021
DISK utc=2026-10-08T16:17:59Z free_bytes=11318190080 pid=2680021
DISK utc=2026-10-08T16:18:14Z free_bytes=11296518144 pid=2680021
DISK utc=2026-10-08T16:18:29Z free_bytes=11296489472 pid=2680021
DISK utc=2026-10-08T16:18:44Z free_bytes=11296456704 pid=2680021
DISK utc=2026-10-08T16:18:59Z free_bytes=11286372352 pid=2680021
END utc=2026-10-08T16:19:05Z index=4 cell_id=codex__gpt-6-luna__max__default__r70-1-zig__r1 argv_sha256=4b94417e627a77091b835163ced5828a1e527c501384b279cdd9b9370708ba93 rc=0
PREFLIGHT host=ubuntu-8gb-nbg1-1 free_bytes=11468230656 active_cells=0 plan_sha256=56978c2927e9bc0b0cf494483ebc866006a5f684730a6cd127683bc799dc45cc
START utc=2026-10-08T16:19:05Z index=5 cell_id=codex__gpt-6-luna__max__default__r70-1-rust__r1 argv_sha256=cf7e5d1269efbaa6ddb0ed15f90040c4acb8f7c02107726dcdabb8d3b6eb64be
DISK utc=2026-10-08T16:19:20Z free_bytes=11419664384 pid=2682703
DISK utc=2026-10-08T16:19:35Z free_bytes=11418980352 pid=2682703
DISK utc=2026-10-08T16:19:50Z free_bytes=11418750976 pid=2682703
DISK utc=2026-10-08T16:20:05Z free_bytes=11418537984 pid=2682703
DISK utc=2026-10-08T16:20:20Z free_bytes=11418357760 pid=2682703
DISK utc=2026-10-08T16:20:35Z free_bytes=11418169344 pid=2682703
DISK utc=2026-10-08T16:20:50Z free_bytes=11418009600 pid=2682703
DISK utc=2026-10-08T16:21:05Z free_bytes=11417632768 pid=2682703
DISK utc=2026-10-08T16:21:20Z free_bytes=11417632768 pid=2682703
DISK utc=2026-10-08T16:21:35Z free_bytes=11417214976 pid=2682703
DISK utc=2026-10-08T16:21:50Z free_bytes=11356852224 pid=2682703
DISK utc=2026-10-08T16:22:06Z free_bytes=11309465600 pid=2682703
DISK utc=2026-10-08T16:22:21Z free_bytes=11309338624 pid=2682703
DISK utc=2026-10-08T16:22:36Z free_bytes=11308220416 pid=2682703
DISK utc=2026-10-08T16:22:51Z free_bytes=11307970560 pid=2682703
END utc=2026-10-08T16:23:02Z index=5 cell_id=codex__gpt-6-luna__max__default__r70-1-rust__r1 argv_sha256=cf7e5d1269efbaa6ddb0ed15f90040c4acb8f7c02107726dcdabb8d3b6eb64be rc=0
PREFLIGHT host=ubuntu-8gb-nbg1-1 free_bytes=11466760192 active_cells=0 plan_sha256=56978c2927e9bc0b0cf494483ebc866006a5f684730a6cd127683bc799dc45cc
START utc=2026-10-08T16:23:02Z index=6 cell_id=codex__gpt-6-luna__max__default__r70-4-zig__r3 argv_sha256=3dbb3477539e928beddeee897f2b22464989f673647365ef95556c43a41fb6f1
DISK utc=2026-10-08T16:23:17Z free_bytes=11418349568 pid=2684857
DISK utc=2026-10-08T16:23:32Z free_bytes=11418345472 pid=2684857
DISK utc=2026-10-08T16:23:47Z free_bytes=11409952768 pid=2684857
DISK utc=2026-10-08T16:24:02Z free_bytes=11409948672 pid=2684857
DISK utc=2026-10-08T16:24:17Z free_bytes=11409948672 pid=2684857
DISK utc=2026-10-08T16:24:32Z free_bytes=11364876288 pid=2684857
DISK utc=2026-10-08T16:24:47Z free_bytes=11345592320 pid=2684857
DISK utc=2026-10-08T16:25:02Z free_bytes=11344805888 pid=2684857
DISK utc=2026-10-08T16:25:17Z free_bytes=11344175104 pid=2684857
DISK utc=2026-10-08T16:25:32Z free_bytes=11344015360 pid=2684857
DISK utc=2026-10-08T16:25:47Z free_bytes=11343589376 pid=2684857
DISK utc=2026-10-08T16:26:02Z free_bytes=11343384576 pid=2684857
DISK utc=2026-10-08T16:26:17Z free_bytes=11343187968 pid=2684857
DISK utc=2026-10-08T16:26:32Z free_bytes=11342995456 pid=2684857
DISK utc=2026-10-08T16:26:47Z free_bytes=11342798848 pid=2684857
DISK utc=2026-10-08T16:27:02Z free_bytes=11342381056 pid=2684857
DISK utc=2026-10-08T16:27:18Z free_bytes=11341836288 pid=2684857
DISK utc=2026-10-08T16:27:33Z free_bytes=11341836288 pid=2684857
DISK utc=2026-10-08T16:27:48Z free_bytes=11315687424 pid=2684857
DISK utc=2026-10-08T16:28:03Z free_bytes=11283001344 pid=2684857
DISK utc=2026-10-08T16:28:18Z free_bytes=11282776064 pid=2684857
DISK utc=2026-10-08T16:28:33Z free_bytes=11282178048 pid=2684857
DISK utc=2026-10-08T16:28:48Z free_bytes=11281395712 pid=2684857
DISK utc=2026-10-08T16:29:03Z free_bytes=11281231872 pid=2684857
DISK utc=2026-10-08T16:29:18Z free_bytes=11280613376 pid=2684857
DISK utc=2026-10-08T16:29:33Z free_bytes=11280015360 pid=2684857
END utc=2026-10-08T16:29:47Z index=6 cell_id=codex__gpt-6-luna__max__default__r70-4-zig__r3 argv_sha256=3dbb3477539e928beddeee897f2b22464989f673647365ef95556c43a41fb6f1 rc=0
PREFLIGHT host=ubuntu-8gb-nbg1-1 free_bytes=11455946752 active_cells=0 plan_sha256=56978c2927e9bc0b0cf494483ebc866006a5f684730a6cd127683bc799dc45cc
START utc=2026-10-08T16:29:47Z index=7 cell_id=codex__gpt-6-luna__max__default__r70-4-rust__r3 argv_sha256=d7a724d311d2f9e112e1be3a2a45ff71d8ae8025910c45ea61c6477d148e6210
DISK utc=2026-10-08T16:30:02Z free_bytes=11453661184 pid=2687330
DISK utc=2026-10-08T16:30:17Z free_bytes=11453448192 pid=2687330
DISK utc=2026-10-08T16:30:32Z free_bytes=11453349888 pid=2687330
DISK utc=2026-10-08T16:30:47Z free_bytes=11453181952 pid=2687330
DISK utc=2026-10-08T16:31:02Z free_bytes=11453022208 pid=2687330
DISK utc=2026-10-08T16:31:17Z free_bytes=11452821504 pid=2687330
DISK utc=2026-10-08T16:31:32Z free_bytes=11452645376 pid=2687330
DISK utc=2026-10-08T16:31:47Z free_bytes=11452485632 pid=2687330
DISK utc=2026-10-08T16:32:02Z free_bytes=11452080128 pid=2687330
DISK utc=2026-10-08T16:32:17Z free_bytes=11452080128 pid=2687330
DISK utc=2026-10-08T16:32:32Z free_bytes=11451863040 pid=2687330
DISK utc=2026-10-08T16:32:47Z free_bytes=11451686912 pid=2687330
DISK utc=2026-10-08T16:33:02Z free_bytes=11450851328 pid=2687330
DISK utc=2026-10-08T16:33:17Z free_bytes=11450437632 pid=2687330
DISK utc=2026-10-08T16:33:32Z free_bytes=11450220544 pid=2687330
DISK utc=2026-10-08T16:33:47Z free_bytes=11449745408 pid=2687330
DISK utc=2026-10-08T16:34:02Z free_bytes=11449516032 pid=2687330
END utc=2026-10-08T16:34:15Z index=7 cell_id=codex__gpt-6-luna__max__default__r70-4-rust__r3 argv_sha256=d7a724d311d2f9e112e1be3a2a45ff71d8ae8025910c45ea61c6477d148e6210 rc=0
PREFLIGHT host=ubuntu-8gb-nbg1-1 free_bytes=11454603264 active_cells=0 plan_sha256=56978c2927e9bc0b0cf494483ebc866006a5f684730a6cd127683bc799dc45cc
START utc=2026-10-08T16:34:15Z index=8 cell_id=codex__gpt-6-luna__max__default__r70-6-zig__r3 argv_sha256=8abafd1cfd1de7ddd2fb889503e598af3def5d90c630750bd1f398878a9ea8c3
DISK utc=2026-10-08T16:34:30Z free_bytes=11406176256 pid=2689068
DISK utc=2026-10-08T16:34:45Z free_bytes=11406172160 pid=2689068
DISK utc=2026-10-08T16:35:00Z free_bytes=11406168064 pid=2689068
DISK utc=2026-10-08T16:35:15Z free_bytes=11406168064 pid=2689068
DISK utc=2026-10-08T16:35:30Z free_bytes=11406168064 pid=2689068
DISK utc=2026-10-08T16:35:45Z free_bytes=11360931840 pid=2689068
DISK utc=2026-10-08T16:36:00Z free_bytes=11341897728 pid=2689068
DISK utc=2026-10-08T16:36:15Z free_bytes=11340591104 pid=2689068
DISK utc=2026-10-08T16:36:30Z free_bytes=11340029952 pid=2689068
DISK utc=2026-10-08T16:36:45Z free_bytes=11339661312 pid=2689068
DISK utc=2026-10-08T16:37:00Z free_bytes=11339145216 pid=2689068
DISK utc=2026-10-08T16:37:15Z free_bytes=11338899456 pid=2689068
DISK utc=2026-10-08T16:37:30Z free_bytes=11338530816 pid=2689068
DISK utc=2026-10-08T16:37:45Z free_bytes=11338317824 pid=2689068
DISK utc=2026-10-08T16:38:00Z free_bytes=11337998336 pid=2689068
DISK utc=2026-10-08T16:38:15Z free_bytes=11337994240 pid=2689068
DISK utc=2026-10-08T16:38:30Z free_bytes=11337736192 pid=2689068
DISK utc=2026-10-08T16:38:45Z free_bytes=11337371648 pid=2689068
DISK utc=2026-10-08T16:39:00Z free_bytes=11324801024 pid=2689068
DISK utc=2026-10-08T16:39:15Z free_bytes=11324162048 pid=2689068
DISK utc=2026-10-08T16:39:30Z free_bytes=11309252608 pid=2689068
DISK utc=2026-10-08T16:39:45Z free_bytes=11308888064 pid=2689068
DISK utc=2026-10-08T16:40:00Z free_bytes=11307978752 pid=2689068
DISK utc=2026-10-08T16:40:15Z free_bytes=11307978752 pid=2689068
DISK utc=2026-10-08T16:40:30Z free_bytes=11296280576 pid=2689068
DISK utc=2026-10-08T16:40:45Z free_bytes=11295596544 pid=2689068
DISK utc=2026-10-08T16:41:00Z free_bytes=11295576064 pid=2689068
END utc=2026-10-08T16:41:12Z index=8 cell_id=codex__gpt-6-luna__max__default__r70-6-zig__r3 argv_sha256=8abafd1cfd1de7ddd2fb889503e598af3def5d90c630750bd1f398878a9ea8c3 rc=0
PREFLIGHT host=ubuntu-8gb-nbg1-1 free_bytes=11451584512 active_cells=0 plan_sha256=56978c2927e9bc0b0cf494483ebc866006a5f684730a6cd127683bc799dc45cc
START utc=2026-10-08T16:41:12Z index=9 cell_id=codex__gpt-6-luna__max__default__r70-6-rust__r3 argv_sha256=994253ce44dd487fe4e85ce8bae7d9b1521a7c74f8af1a85a1288e311fadea86
DISK utc=2026-10-08T16:41:27Z free_bytes=11411603456 pid=2691792
DISK utc=2026-10-08T16:41:42Z free_bytes=11410993152 pid=2691792
DISK utc=2026-10-08T16:41:57Z free_bytes=11410989056 pid=2691792
DISK utc=2026-10-08T16:42:12Z free_bytes=11410989056 pid=2691792
DISK utc=2026-10-08T16:42:27Z free_bytes=11410821120 pid=2691792
DISK utc=2026-10-08T16:42:42Z free_bytes=11410620416 pid=2691792
DISK utc=2026-10-08T16:42:57Z free_bytes=11410280448 pid=2691792
DISK utc=2026-10-08T16:43:12Z free_bytes=11410280448 pid=2691792
DISK utc=2026-10-08T16:43:27Z free_bytes=11410034688 pid=2691792
DISK utc=2026-10-08T16:43:42Z free_bytes=11409797120 pid=2691792
DISK utc=2026-10-08T16:43:57Z free_bytes=11357687808 pid=2691792
DISK utc=2026-10-08T16:44:12Z free_bytes=11357417472 pid=2691792
DISK utc=2026-10-08T16:44:27Z free_bytes=11357413376 pid=2691792
DISK utc=2026-10-08T16:44:42Z free_bytes=11357413376 pid=2691792
DISK utc=2026-10-08T16:44:57Z free_bytes=11321470976 pid=2691792
DISK utc=2026-10-08T16:45:12Z free_bytes=11321401344 pid=2691792
DISK utc=2026-10-08T16:45:27Z free_bytes=11321036800 pid=2691792
DISK utc=2026-10-08T16:45:42Z free_bytes=11320545280 pid=2691792
DISK utc=2026-10-08T16:45:57Z free_bytes=11320545280 pid=2691792
DISK utc=2026-10-08T16:46:12Z free_bytes=11320336384 pid=2691792
END utc=2026-10-08T16:46:15Z index=9 cell_id=codex__gpt-6-luna__max__default__r70-6-rust__r3 argv_sha256=994253ce44dd487fe4e85ce8bae7d9b1521a7c74f8af1a85a1288e311fadea86 rc=0
PREFLIGHT host=ubuntu-8gb-nbg1-1 free_bytes=11450257408 active_cells=0 plan_sha256=56978c2927e9bc0b0cf494483ebc866006a5f684730a6cd127683bc799dc45cc
START utc=2026-10-08T16:46:15Z index=10 cell_id=codex__gpt-6-luna__max__default__r70-5-zig__r2 argv_sha256=a26ae91cdd91fb0f85417d19c0dc194078210feee6b23c646386646afb968076
DISK utc=2026-10-08T16:46:30Z free_bytes=11401826304 pid=2694204
DISK utc=2026-10-08T16:46:45Z free_bytes=11401826304 pid=2694204
DISK utc=2026-10-08T16:47:00Z free_bytes=11401822208 pid=2694204
DISK utc=2026-10-08T16:47:15Z free_bytes=11401818112 pid=2694204
DISK utc=2026-10-08T16:47:30Z free_bytes=11401818112 pid=2694204
DISK utc=2026-10-08T16:47:45Z free_bytes=11356577792 pid=2694204
DISK utc=2026-10-08T16:48:00Z free_bytes=11337359360 pid=2694204
DISK utc=2026-10-08T16:48:15Z free_bytes=11337207808 pid=2694204
DISK utc=2026-10-08T16:48:30Z free_bytes=11336998912 pid=2694204
DISK utc=2026-10-08T16:48:45Z free_bytes=11336724480 pid=2694204
DISK utc=2026-10-08T16:49:00Z free_bytes=11336511488 pid=2694204
DISK utc=2026-10-08T16:49:15Z free_bytes=11335933952 pid=2694204
DISK utc=2026-10-08T16:49:30Z free_bytes=11335933952 pid=2694204
DISK utc=2026-10-08T16:49:45Z free_bytes=11335192576 pid=2694204
DISK utc=2026-10-08T16:50:00Z free_bytes=11294068736 pid=2694204
DISK utc=2026-10-08T16:50:15Z free_bytes=11275505664 pid=2694204
DISK utc=2026-10-08T16:50:30Z free_bytes=11274903552 pid=2694204
DISK utc=2026-10-08T16:50:45Z free_bytes=11274731520 pid=2694204
DISK utc=2026-10-08T16:51:00Z free_bytes=11259908096 pid=2694204
DISK utc=2026-10-08T16:51:16Z free_bytes=11249569792 pid=2694204
DISK utc=2026-10-08T16:51:31Z free_bytes=11248996352 pid=2694204
DISK utc=2026-10-08T16:51:46Z free_bytes=11248758784 pid=2694204
END utc=2026-10-08T16:51:52Z index=10 cell_id=codex__gpt-6-luna__max__default__r70-5-zig__r2 argv_sha256=a26ae91cdd91fb0f85417d19c0dc194078210feee6b23c646386646afb968076 rc=0
PREFLIGHT host=ubuntu-8gb-nbg1-1 free_bytes=11448397824 active_cells=0 plan_sha256=56978c2927e9bc0b0cf494483ebc866006a5f684730a6cd127683bc799dc45cc
START utc=2026-10-08T16:51:52Z index=11 cell_id=codex__gpt-6-luna__max__default__r70-5-rust__r2 argv_sha256=c28f4915c2e3be79b129de213a8d3a037ac844cc2bdd377a3f74c6bac1d3e412
DISK utc=2026-10-08T16:52:07Z free_bytes=11445899264 pid=2696587
DISK utc=2026-10-08T16:52:22Z free_bytes=11445702656 pid=2696587
DISK utc=2026-10-08T16:52:37Z free_bytes=11445579776 pid=2696587
DISK utc=2026-10-08T16:52:52Z free_bytes=11445383168 pid=2696587
DISK utc=2026-10-08T16:53:07Z free_bytes=11445178368 pid=2696587
DISK utc=2026-10-08T16:53:22Z free_bytes=11445047296 pid=2696587
DISK utc=2026-10-08T16:53:37Z free_bytes=11444670464 pid=2696587
DISK utc=2026-10-08T16:53:52Z free_bytes=11444670464 pid=2696587
DISK utc=2026-10-08T16:54:07Z free_bytes=11444084736 pid=2696587
DISK utc=2026-10-08T16:54:22Z free_bytes=11444084736 pid=2696587
DISK utc=2026-10-08T16:54:37Z free_bytes=11442208768 pid=2696587
DISK utc=2026-10-08T16:54:52Z free_bytes=11441676288 pid=2696587
DISK utc=2026-10-08T16:55:07Z free_bytes=11441553408 pid=2696587
DISK utc=2026-10-08T16:55:22Z free_bytes=11441111040 pid=2696587
DISK utc=2026-10-08T16:55:37Z free_bytes=11440889856 pid=2696587
DISK utc=2026-10-08T16:55:53Z free_bytes=11440783360 pid=2696587
DISK utc=2026-10-08T16:56:08Z free_bytes=11440574464 pid=2696587
DISK utc=2026-10-08T16:56:23Z free_bytes=11440398336 pid=2696587
END utc=2026-10-08T16:56:31Z index=11 cell_id=codex__gpt-6-luna__max__default__r70-5-rust__r2 argv_sha256=c28f4915c2e3be79b129de213a8d3a037ac844cc2bdd377a3f74c6bac1d3e412 rc=0
PREFLIGHT host=ubuntu-8gb-nbg1-1 free_bytes=11446710272 active_cells=0 plan_sha256=56978c2927e9bc0b0cf494483ebc866006a5f684730a6cd127683bc799dc45cc
START utc=2026-10-08T16:56:31Z index=12 cell_id=codex__gpt-6-luna__max__default__r70-6-zig__r2 argv_sha256=42dcb523a50e5f70a4af77a56ef7b47434e10f2f7311570910c4a771b97314b7
DISK utc=2026-10-08T16:56:46Z free_bytes=11398287360 pid=2698237
DISK utc=2026-10-08T16:57:01Z free_bytes=11398287360 pid=2698237
DISK utc=2026-10-08T16:57:16Z free_bytes=11398287360 pid=2698237
DISK utc=2026-10-08T16:57:31Z free_bytes=11398279168 pid=2698237
DISK utc=2026-10-08T16:57:46Z free_bytes=11398279168 pid=2698237
DISK utc=2026-10-08T16:58:01Z free_bytes=11353042944 pid=2698237
DISK utc=2026-10-08T16:58:16Z free_bytes=11334230016 pid=2698237
DISK utc=2026-10-08T16:58:31Z free_bytes=11333550080 pid=2698237
DISK utc=2026-10-08T16:58:46Z free_bytes=11333173248 pid=2698237
DISK utc=2026-10-08T16:59:01Z free_bytes=11332943872 pid=2698237
DISK utc=2026-10-08T16:59:16Z free_bytes=11332853760 pid=2698237
DISK utc=2026-10-08T16:59:31Z free_bytes=11332325376 pid=2698237
DISK utc=2026-10-08T16:59:46Z free_bytes=11332087808 pid=2698237
DISK utc=2026-10-08T17:00:01Z free_bytes=11331833856 pid=2698237
DISK utc=2026-10-08T17:00:16Z free_bytes=11331096576 pid=2698237
DISK utc=2026-10-08T17:00:31Z free_bytes=11330879488 pid=2698237
DISK utc=2026-10-08T17:00:46Z free_bytes=11330674688 pid=2698237
DISK utc=2026-10-08T17:01:01Z free_bytes=11330498560 pid=2698237
DISK utc=2026-10-08T17:01:16Z free_bytes=11330232320 pid=2698237
DISK utc=2026-10-08T17:01:31Z free_bytes=11329966080 pid=2698237
DISK utc=2026-10-08T17:01:46Z free_bytes=11329474560 pid=2698237
DISK utc=2026-10-08T17:02:01Z free_bytes=11317452800 pid=2698237
DISK utc=2026-10-08T17:02:16Z free_bytes=11317182464 pid=2698237
DISK utc=2026-10-08T17:02:31Z free_bytes=11306143744 pid=2698237
DISK utc=2026-10-08T17:02:46Z free_bytes=11305652224 pid=2698237
DISK utc=2026-10-08T17:03:01Z free_bytes=11305181184 pid=2698237
END utc=2026-10-08T17:03:06Z index=12 cell_id=codex__gpt-6-luna__max__default__r70-6-zig__r2 argv_sha256=42dcb523a50e5f70a4af77a56ef7b47434e10f2f7311570910c4a771b97314b7 rc=0
PREFLIGHT host=ubuntu-8gb-nbg1-1 free_bytes=11444531200 active_cells=0 plan_sha256=56978c2927e9bc0b0cf494483ebc866006a5f684730a6cd127683bc799dc45cc
START utc=2026-10-08T17:03:07Z index=13 cell_id=codex__gpt-6-luna__max__default__r70-6-rust__r2 argv_sha256=aad965ad67385d74a0e434360ecaf895708bb3c90e8050483e4bff4e9860f6b2
DISK utc=2026-10-08T17:03:22Z free_bytes=11404103680 pid=2700616
DISK utc=2026-10-08T17:03:37Z free_bytes=11403870208 pid=2700616
DISK utc=2026-10-08T17:03:52Z free_bytes=11403702272 pid=2700616
DISK utc=2026-10-08T17:04:07Z free_bytes=11403567104 pid=2700616
DISK utc=2026-10-08T17:04:22Z free_bytes=11403206656 pid=2700616
DISK utc=2026-10-08T17:04:37Z free_bytes=11402878976 pid=2700616
DISK utc=2026-10-08T17:04:52Z free_bytes=11315179520 pid=2700616
DISK utc=2026-10-08T17:05:07Z free_bytes=11314720768 pid=2700616
DISK utc=2026-10-08T17:05:22Z free_bytes=11314225152 pid=2700616
END utc=2026-10-08T17:05:31Z index=13 cell_id=codex__gpt-6-luna__max__default__r70-6-rust__r2 argv_sha256=aad965ad67385d74a0e434360ecaf895708bb3c90e8050483e4bff4e9860f6b2 rc=0
PREFLIGHT host=ubuntu-8gb-nbg1-1 free_bytes=11443466240 active_cells=0 plan_sha256=56978c2927e9bc0b0cf494483ebc866006a5f684730a6cd127683bc799dc45cc
START utc=2026-10-08T17:05:31Z index=14 cell_id=codex__gpt-6-luna__max__default__r70-7-rust__r3 argv_sha256=1074337d1e26754dbfb139582fd771fb73998504a855f6f03d005a984e6abadd
DISK utc=2026-10-08T17:05:46Z free_bytes=11440713728 pid=2702394
DISK utc=2026-10-08T17:06:01Z free_bytes=11440214016 pid=2702394
DISK utc=2026-10-08T17:06:16Z free_bytes=11440001024 pid=2702394
DISK utc=2026-10-08T17:06:31Z free_bytes=11439501312 pid=2702394
DISK utc=2026-10-08T17:06:46Z free_bytes=11439308800 pid=2702394
DISK utc=2026-10-08T17:07:01Z free_bytes=11438628864 pid=2702394
DISK utc=2026-10-08T17:07:16Z free_bytes=11420405760 pid=2702394
DISK utc=2026-10-08T17:07:31Z free_bytes=11412271104 pid=2702394
DISK utc=2026-10-08T17:07:46Z free_bytes=11411877888 pid=2702394
DISK utc=2026-10-08T17:08:01Z free_bytes=11411529728 pid=2702394
DISK utc=2026-10-08T17:08:16Z free_bytes=11411214336 pid=2702394
DISK utc=2026-10-08T17:08:31Z free_bytes=11410755584 pid=2702394
END utc=2026-10-08T17:08:32Z index=14 cell_id=codex__gpt-6-luna__max__default__r70-7-rust__r3 argv_sha256=1074337d1e26754dbfb139582fd771fb73998504a855f6f03d005a984e6abadd rc=0
PREFLIGHT host=ubuntu-8gb-nbg1-1 free_bytes=11438833664 active_cells=0 plan_sha256=56978c2927e9bc0b0cf494483ebc866006a5f684730a6cd127683bc799dc45cc
START utc=2026-10-08T17:08:32Z index=15 cell_id=codex__gpt-6-luna__max__default__r70-7-zig__r3 argv_sha256=23e7e03ffd404134d043a47e7a94a8b9cbd6fdaa94173ff8879c62f3a438e593
DISK utc=2026-10-08T17:08:47Z free_bytes=11390402560 pid=2704369
DISK utc=2026-10-08T17:09:02Z free_bytes=11390398464 pid=2704369
DISK utc=2026-10-08T17:09:17Z free_bytes=11390398464 pid=2704369
DISK utc=2026-10-08T17:09:32Z free_bytes=11390394368 pid=2704369
DISK utc=2026-10-08T17:09:47Z free_bytes=11390394368 pid=2704369
DISK utc=2026-10-08T17:10:02Z free_bytes=11345166336 pid=2704369
DISK utc=2026-10-08T17:10:17Z free_bytes=11330379776 pid=2704369
DISK utc=2026-10-08T17:10:32Z free_bytes=11329835008 pid=2704369
DISK utc=2026-10-08T17:10:47Z free_bytes=11329658880 pid=2704369
DISK utc=2026-10-08T17:11:02Z free_bytes=11328651264 pid=2704369
DISK utc=2026-10-08T17:11:18Z free_bytes=11328372736 pid=2704369
DISK utc=2026-10-08T17:11:33Z free_bytes=11328172032 pid=2704369
DISK utc=2026-10-08T17:11:48Z free_bytes=11328172032 pid=2704369
DISK utc=2026-10-08T17:12:03Z free_bytes=11327717376 pid=2704369
DISK utc=2026-10-08T17:12:18Z free_bytes=11302694912 pid=2704369
DISK utc=2026-10-08T17:12:33Z free_bytes=11302559744 pid=2704369
DISK utc=2026-10-08T17:12:48Z free_bytes=11302031360 pid=2704369
DISK utc=2026-10-08T17:13:03Z free_bytes=11301777408 pid=2704369
END utc=2026-10-08T17:13:08Z index=15 cell_id=codex__gpt-6-luna__max__default__r70-7-zig__r3 argv_sha256=23e7e03ffd404134d043a47e7a94a8b9cbd6fdaa94173ff8879c62f3a438e593 rc=0
PREFLIGHT host=ubuntu-8gb-nbg1-1 free_bytes=11440254976 active_cells=0 plan_sha256=56978c2927e9bc0b0cf494483ebc866006a5f684730a6cd127683bc799dc45cc
START utc=2026-10-08T17:13:08Z index=16 cell_id=codex__gpt-6-luna__max__default__r70-5-zig__r3 argv_sha256=f248e2ab4978a5daeffea771cb4be33d2d00c926f19de78792d0f22e633c4139
DISK utc=2026-10-08T17:13:23Z free_bytes=11391836160 pid=2706095
DISK utc=2026-10-08T17:13:38Z free_bytes=11391836160 pid=2706095
DISK utc=2026-10-08T17:13:53Z free_bytes=11391836160 pid=2706095
DISK utc=2026-10-08T17:14:08Z free_bytes=11391836160 pid=2706095
DISK utc=2026-10-08T17:14:23Z free_bytes=11391827968 pid=2706095
DISK utc=2026-10-08T17:14:38Z free_bytes=11346591744 pid=2706095
DISK utc=2026-10-08T17:14:53Z free_bytes=11327541248 pid=2706095
DISK utc=2026-10-08T17:15:08Z free_bytes=11327143936 pid=2706095
DISK utc=2026-10-08T17:15:23Z free_bytes=11326951424 pid=2706095
DISK utc=2026-10-08T17:15:39Z free_bytes=11326754816 pid=2706095
DISK utc=2026-10-08T17:15:54Z free_bytes=11326353408 pid=2706095
DISK utc=2026-10-08T17:16:09Z free_bytes=11326164992 pid=2706095
DISK utc=2026-10-08T17:16:24Z free_bytes=11325911040 pid=2706095
DISK utc=2026-10-08T17:16:39Z free_bytes=11299483648 pid=2706095
DISK utc=2026-10-08T17:16:54Z free_bytes=11265687552 pid=2706095
DISK utc=2026-10-08T17:17:09Z free_bytes=11265552384 pid=2706095
DISK utc=2026-10-08T17:17:24Z free_bytes=11265130496 pid=2706095
DISK utc=2026-10-08T17:17:39Z free_bytes=11264901120 pid=2706095
DISK utc=2026-10-08T17:17:54Z free_bytes=11264761856 pid=2706095
DISK utc=2026-10-08T17:18:09Z free_bytes=11254706176 pid=2706095
END utc=2026-10-08T17:18:14Z index=16 cell_id=codex__gpt-6-luna__max__default__r70-5-zig__r3 argv_sha256=f248e2ab4978a5daeffea771cb4be33d2d00c926f19de78792d0f22e633c4139 rc=0
PREFLIGHT host=ubuntu-8gb-nbg1-1 free_bytes=11438788608 active_cells=0 plan_sha256=56978c2927e9bc0b0cf494483ebc866006a5f684730a6cd127683bc799dc45cc
START utc=2026-10-08T17:18:14Z index=17 cell_id=codex__gpt-6-luna__max__default__r70-5-rust__r3 argv_sha256=0adb915ccca557ad0aaebc9f25dbe943b2669962a6b8a13b28b4fac707cc8b8a
DISK utc=2026-10-08T17:18:29Z free_bytes=11436216320 pid=2707804
DISK utc=2026-10-08T17:18:44Z free_bytes=11435991040 pid=2707804
DISK utc=2026-10-08T17:18:59Z free_bytes=11435839488 pid=2707804
DISK utc=2026-10-08T17:19:14Z free_bytes=11435450368 pid=2707804
DISK utc=2026-10-08T17:19:29Z free_bytes=11435151360 pid=2707804
DISK utc=2026-10-08T17:19:44Z free_bytes=11435114496 pid=2707804
DISK utc=2026-10-08T17:19:59Z free_bytes=11434672128 pid=2707804
DISK utc=2026-10-08T17:20:14Z free_bytes=11421462528 pid=2707804
DISK utc=2026-10-08T17:20:29Z free_bytes=11420946432 pid=2707804
DISK utc=2026-10-08T17:20:44Z free_bytes=11416219648 pid=2707804
DISK utc=2026-10-08T17:20:59Z free_bytes=11415851008 pid=2707804
DISK utc=2026-10-08T17:21:14Z free_bytes=11415674880 pid=2707804
END utc=2026-10-08T17:21:27Z index=17 cell_id=codex__gpt-6-luna__max__default__r70-5-rust__r3 argv_sha256=0adb915ccca557ad0aaebc9f25dbe943b2669962a6b8a13b28b4fac707cc8b8a rc=0
PREFLIGHT host=ubuntu-8gb-nbg1-1 free_bytes=11432529920 active_cells=0 plan_sha256=56978c2927e9bc0b0cf494483ebc866006a5f684730a6cd127683bc799dc45cc
START utc=2026-10-08T17:21:27Z index=18 cell_id=codex__gpt-6-luna__max__default__r70-6-zig__r1 argv_sha256=efafe49202bd92407aaf6438a0497853bc670151e570284b9a3a11589fbde9a8
DISK utc=2026-10-08T17:21:42Z free_bytes=11384102912 pid=2709408
DISK utc=2026-10-08T17:21:57Z free_bytes=11384094720 pid=2709408
DISK utc=2026-10-08T17:22:12Z free_bytes=11384094720 pid=2709408
DISK utc=2026-10-08T17:22:27Z free_bytes=11384090624 pid=2709408
DISK utc=2026-10-08T17:22:42Z free_bytes=11384090624 pid=2709408
DISK utc=2026-10-08T17:22:57Z free_bytes=11338854400 pid=2709408
DISK utc=2026-10-08T17:23:12Z free_bytes=11319902208 pid=2709408
DISK utc=2026-10-08T17:23:27Z free_bytes=11319136256 pid=2709408
DISK utc=2026-10-08T17:23:42Z free_bytes=11318185984 pid=2709408
DISK utc=2026-10-08T17:23:57Z free_bytes=11317153792 pid=2709408
DISK utc=2026-10-08T17:24:12Z free_bytes=11316932608 pid=2709408
DISK utc=2026-10-08T17:24:27Z free_bytes=11316506624 pid=2709408
DISK utc=2026-10-08T17:24:42Z free_bytes=11316494336 pid=2709408
DISK utc=2026-10-08T17:24:57Z free_bytes=11316490240 pid=2709408
DISK utc=2026-10-08T17:25:12Z free_bytes=11316449280 pid=2709408
DISK utc=2026-10-08T17:25:27Z free_bytes=11302043648 pid=2709408
DISK utc=2026-10-08T17:25:42Z free_bytes=11302039552 pid=2709408
DISK utc=2026-10-08T17:25:58Z free_bytes=11290091520 pid=2709408
DISK utc=2026-10-08T17:26:13Z free_bytes=11290071040 pid=2709408
DISK utc=2026-10-08T17:26:28Z free_bytes=11290050560 pid=2709408
END utc=2026-10-08T17:26:34Z index=18 cell_id=codex__gpt-6-luna__max__default__r70-6-zig__r1 argv_sha256=efafe49202bd92407aaf6438a0497853bc670151e570284b9a3a11589fbde9a8 rc=0
PREFLIGHT host=ubuntu-8gb-nbg1-1 free_bytes=11435012096 active_cells=0 plan_sha256=56978c2927e9bc0b0cf494483ebc866006a5f684730a6cd127683bc799dc45cc
START utc=2026-10-08T17:26:34Z index=19 cell_id=codex__gpt-6-luna__max__default__r70-6-rust__r1 argv_sha256=938361cd81685aa6353d253b2ec67e30eeeb0605a55568d571b805aabd9197cc
DISK utc=2026-10-08T17:26:49Z free_bytes=11394641920 pid=2711304
DISK utc=2026-10-08T17:27:04Z free_bytes=11394461696 pid=2711304
DISK utc=2026-10-08T17:27:19Z free_bytes=11394260992 pid=2711304
DISK utc=2026-10-08T17:27:34Z free_bytes=11394056192 pid=2711304
DISK utc=2026-10-08T17:27:49Z free_bytes=11393708032 pid=2711304
DISK utc=2026-10-08T17:28:04Z free_bytes=11393708032 pid=2711304
DISK utc=2026-10-08T17:28:19Z free_bytes=11393204224 pid=2711304
DISK utc=2026-10-08T17:28:34Z free_bytes=11391442944 pid=2711304
DISK utc=2026-10-08T17:28:49Z free_bytes=11390849024 pid=2711304
DISK utc=2026-10-08T17:29:04Z free_bytes=11390459904 pid=2711304
DISK utc=2026-10-08T17:29:19Z free_bytes=11390197760 pid=2711304
DISK utc=2026-10-08T17:29:34Z free_bytes=11390054400 pid=2711304
DISK utc=2026-10-08T17:29:49Z free_bytes=11389403136 pid=2711304
END utc=2026-10-08T17:30:00Z index=19 cell_id=codex__gpt-6-luna__max__default__r70-6-rust__r1 argv_sha256=938361cd81685aa6353d253b2ec67e30eeeb0605a55568d571b805aabd9197cc rc=0
PREFLIGHT host=ubuntu-8gb-nbg1-1 free_bytes=11433406464 active_cells=0 plan_sha256=56978c2927e9bc0b0cf494483ebc866006a5f684730a6cd127683bc799dc45cc
START utc=2026-10-08T17:30:00Z index=20 cell_id=codex__gpt-6-luna__max__default__r70-5-zig__r1 argv_sha256=4bc104e8a951cf1417bc5f1fd1fa1f172bd189a8bcf03c0b4c9cc0dcde9126b3
DISK utc=2026-10-08T17:30:15Z free_bytes=11384987648 pid=2713054
DISK utc=2026-10-08T17:30:30Z free_bytes=11384987648 pid=2713054
DISK utc=2026-10-08T17:30:45Z free_bytes=11384987648 pid=2713054
DISK utc=2026-10-08T17:31:00Z free_bytes=11384987648 pid=2713054
DISK utc=2026-10-08T17:31:15Z free_bytes=11384983552 pid=2713054
DISK utc=2026-10-08T17:31:30Z free_bytes=11339739136 pid=2713054
DISK utc=2026-10-08T17:31:46Z free_bytes=11320492032 pid=2713054
DISK utc=2026-10-08T17:32:01Z free_bytes=11320348672 pid=2713054
DISK utc=2026-10-08T17:32:16Z free_bytes=11320123392 pid=2713054
DISK utc=2026-10-08T17:32:31Z free_bytes=11319926784 pid=2713054
DISK utc=2026-10-08T17:32:46Z free_bytes=11319496704 pid=2713054
DISK utc=2026-10-08T17:33:01Z free_bytes=11319164928 pid=2713054
DISK utc=2026-10-08T17:33:16Z free_bytes=11319066624 pid=2713054
DISK utc=2026-10-08T17:33:31Z free_bytes=11318804480 pid=2713054
DISK utc=2026-10-08T17:33:46Z free_bytes=11291967488 pid=2713054
DISK utc=2026-10-08T17:34:01Z free_bytes=11259015168 pid=2713054
DISK utc=2026-10-08T17:34:16Z free_bytes=11258433536 pid=2713054
DISK utc=2026-10-08T17:34:31Z free_bytes=11258261504 pid=2713054
DISK utc=2026-10-08T17:34:46Z free_bytes=11257827328 pid=2713054
END utc=2026-10-08T17:34:56Z index=20 cell_id=codex__gpt-6-luna__max__default__r70-5-zig__r1 argv_sha256=4bc104e8a951cf1417bc5f1fd1fa1f172bd189a8bcf03c0b4c9cc0dcde9126b3 rc=0
PREFLIGHT host=ubuntu-8gb-nbg1-1 free_bytes=11431956480 active_cells=0 plan_sha256=56978c2927e9bc0b0cf494483ebc866006a5f684730a6cd127683bc799dc45cc
START utc=2026-10-08T17:34:56Z index=21 cell_id=codex__gpt-6-luna__max__default__r70-5-rust__r1 argv_sha256=dc6ffc70834a963a8abee81e8530f60b2726abe9de8991e9e7375f1d75849fef
DISK utc=2026-10-08T17:35:11Z free_bytes=11429183488 pid=2714573
DISK utc=2026-10-08T17:35:26Z free_bytes=11428954112 pid=2714573
DISK utc=2026-10-08T17:35:41Z free_bytes=11428823040 pid=2714573
DISK utc=2026-10-08T17:35:56Z free_bytes=11428605952 pid=2714573
DISK utc=2026-10-08T17:36:11Z free_bytes=11428368384 pid=2714573
DISK utc=2026-10-08T17:36:26Z free_bytes=11428175872 pid=2714573
DISK utc=2026-10-08T17:36:41Z free_bytes=11427827712 pid=2714573
DISK utc=2026-10-08T17:36:56Z free_bytes=11427590144 pid=2714573
DISK utc=2026-10-08T17:37:11Z free_bytes=11427078144 pid=2714573
DISK utc=2026-10-08T17:37:26Z free_bytes=11424923648 pid=2714573
DISK utc=2026-10-08T17:37:41Z free_bytes=11424796672 pid=2714573
DISK utc=2026-10-08T17:37:56Z free_bytes=11421859840 pid=2714573
DISK utc=2026-10-08T17:38:11Z free_bytes=11421671424 pid=2714573
DISK utc=2026-10-08T17:38:26Z free_bytes=11421474816 pid=2714573
DISK utc=2026-10-08T17:38:41Z free_bytes=11421097984 pid=2714573
END utc=2026-10-08T17:38:50Z index=21 cell_id=codex__gpt-6-luna__max__default__r70-5-rust__r1 argv_sha256=dc6ffc70834a963a8abee81e8530f60b2726abe9de8991e9e7375f1d75849fef rc=0
PREFLIGHT host=ubuntu-8gb-nbg1-1 free_bytes=11430326272 active_cells=0 plan_sha256=56978c2927e9bc0b0cf494483ebc866006a5f684730a6cd127683bc799dc45cc
START utc=2026-10-08T17:38:50Z index=22 cell_id=codex__gpt-6-luna__max__default__r70-2-rust__r2 argv_sha256=bad651d1e1bc0f1ef9f9c01c222e1f8b9f401f2fe114356a197adcc16c424a7a
DISK utc=2026-10-08T17:39:05Z free_bytes=11427729408 pid=2716298
DISK utc=2026-10-08T17:39:20Z free_bytes=11427516416 pid=2716298
DISK utc=2026-10-08T17:39:35Z free_bytes=11427381248 pid=2716298
DISK utc=2026-10-08T17:39:50Z free_bytes=11427180544 pid=2716298
DISK utc=2026-10-08T17:40:05Z free_bytes=11426848768 pid=2716298
DISK utc=2026-10-08T17:40:20Z free_bytes=11426279424 pid=2716298
DISK utc=2026-10-08T17:40:35Z free_bytes=11415556096 pid=2716298
DISK utc=2026-10-08T17:40:50Z free_bytes=11415318528 pid=2716298
DISK utc=2026-10-08T17:41:05Z free_bytes=11414736896 pid=2716298
DISK utc=2026-10-08T17:41:20Z free_bytes=11410710528 pid=2716298
DISK utc=2026-10-08T17:41:35Z free_bytes=11410587648 pid=2716298
DISK utc=2026-10-08T17:41:50Z free_bytes=11410386944 pid=2716298
DISK utc=2026-10-08T17:42:05Z free_bytes=11409874944 pid=2716298
DISK utc=2026-10-08T17:42:20Z free_bytes=11409367040 pid=2716298
DISK utc=2026-10-08T17:42:35Z free_bytes=11409174528 pid=2716298
END utc=2026-10-08T17:42:47Z index=22 cell_id=codex__gpt-6-luna__max__default__r70-2-rust__r2 argv_sha256=bad651d1e1bc0f1ef9f9c01c222e1f8b9f401f2fe114356a197adcc16c424a7a rc=0
PREFLIGHT host=ubuntu-8gb-nbg1-1 free_bytes=11425497088 active_cells=0 plan_sha256=56978c2927e9bc0b0cf494483ebc866006a5f684730a6cd127683bc799dc45cc
START utc=2026-10-08T17:42:47Z index=23 cell_id=codex__gpt-6-luna__max__default__r70-2-zig__r2 argv_sha256=11900fd9e53f58eda54b4f86ab23d78c1bfb7a561a0cc791ceffd66d2bfa46a9
DISK utc=2026-10-08T17:43:02Z free_bytes=11377070080 pid=2718372
DISK utc=2026-10-08T17:43:17Z free_bytes=11377065984 pid=2718372
DISK utc=2026-10-08T17:43:32Z free_bytes=11377065984 pid=2718372
DISK utc=2026-10-08T17:43:47Z free_bytes=11377061888 pid=2718372
DISK utc=2026-10-08T17:44:02Z free_bytes=11377061888 pid=2718372
DISK utc=2026-10-08T17:44:17Z free_bytes=11330383872 pid=2718372
DISK utc=2026-10-08T17:44:32Z free_bytes=11329937408 pid=2718372
DISK utc=2026-10-08T17:44:47Z free_bytes=11328843776 pid=2718372
DISK utc=2026-10-08T17:45:02Z free_bytes=11328786432 pid=2718372
DISK utc=2026-10-08T17:45:17Z free_bytes=11328696320 pid=2718372
DISK utc=2026-10-08T17:45:32Z free_bytes=11328610304 pid=2718372
DISK utc=2026-10-08T17:45:47Z free_bytes=11328450560 pid=2718372
DISK utc=2026-10-08T17:46:02Z free_bytes=11328450560 pid=2718372
DISK utc=2026-10-08T17:46:17Z free_bytes=11328446464 pid=2718372
DISK utc=2026-10-08T17:46:32Z free_bytes=11328253952 pid=2718372
DISK utc=2026-10-08T17:46:47Z free_bytes=11319873536 pid=2718372
DISK utc=2026-10-08T17:47:02Z free_bytes=11304210432 pid=2718372
DISK utc=2026-10-08T17:47:17Z free_bytes=11298684928 pid=2718372
DISK utc=2026-10-08T17:47:32Z free_bytes=11298504704 pid=2718372
DISK utc=2026-10-08T17:47:47Z free_bytes=11298414592 pid=2718372
DISK utc=2026-10-08T17:48:02Z free_bytes=11298254848 pid=2718372
DISK utc=2026-10-08T17:48:17Z free_bytes=11285901312 pid=2718372
DISK utc=2026-10-08T17:48:32Z free_bytes=11285827584 pid=2718372
DISK utc=2026-10-08T17:48:47Z free_bytes=11285516288 pid=2718372
DISK utc=2026-10-08T17:49:02Z free_bytes=11285454848 pid=2718372
DISK utc=2026-10-08T17:49:17Z free_bytes=11285004288 pid=2718372
DISK utc=2026-10-08T17:49:32Z free_bytes=11284983808 pid=2718372
DISK utc=2026-10-08T17:49:47Z free_bytes=11284951040 pid=2718372
DISK utc=2026-10-08T17:50:02Z free_bytes=11272839168 pid=2718372
DISK utc=2026-10-08T17:50:17Z free_bytes=11260567552 pid=2718372
DISK utc=2026-10-08T17:50:32Z free_bytes=11260538880 pid=2718372
DISK utc=2026-10-08T17:50:47Z free_bytes=11260518400 pid=2718372
DISK utc=2026-10-08T17:51:02Z free_bytes=11260493824 pid=2718372
DISK utc=2026-10-08T17:51:17Z free_bytes=11260473344 pid=2718372
DISK utc=2026-10-08T17:51:33Z free_bytes=11260456960 pid=2718372
END utc=2026-10-08T17:51:37Z index=23 cell_id=codex__gpt-6-luna__max__default__r70-2-zig__r2 argv_sha256=11900fd9e53f58eda54b4f86ab23d78c1bfb7a561a0cc791ceffd66d2bfa46a9 rc=0
RZ1 DONE mode=launch scope=bulk launched=22 plan_sha256=56978c2927e9bc0b0cf494483ebc866006a5f684730a6cd127683bc799dc45cc
