PREFLIGHT host=ubuntu-8gb-nbg1-1 free_bytes=11479011328 active_cells=0 plan_sha256=56978c2927e9bc0b0cf494483ebc866006a5f684730a6cd127683bc799dc45cc
PLAN lane=rz1-eu cells=42 plan_sha256=56978c2927e9bc0b0cf494483ebc866006a5f684730a6cd127683bc799dc45cc mode=launch scope=smoke release=true
RANGE from_index=0 to_index_exclusive=2 from_pair=0 through_pair=0
PREFLIGHT host=ubuntu-8gb-nbg1-1 free_bytes=11479007232 active_cells=0 plan_sha256=56978c2927e9bc0b0cf494483ebc866006a5f684730a6cd127683bc799dc45cc
START utc=2026-10-08T15:42:54Z index=0 cell_id=codex__gpt-6-luna__max__default__r70-4-rust__r2 argv_sha256=2f64e1a91c90f76a8b05fa342241535c4c1621619684c75fe284b6dd7af8d005
DISK utc=2026-10-08T15:43:09Z free_bytes=11476541440 pid=2667420
DISK utc=2026-10-08T15:43:24Z free_bytes=11476406272 pid=2667420
DISK utc=2026-10-08T15:43:39Z free_bytes=11476213760 pid=2667420
DISK utc=2026-10-08T15:43:54Z free_bytes=11476054016 pid=2667420
DISK utc=2026-10-08T15:44:10Z free_bytes=11475890176 pid=2667420
DISK utc=2026-10-08T15:44:25Z free_bytes=11475693568 pid=2667420
DISK utc=2026-10-08T15:44:40Z free_bytes=11475390464 pid=2667420
DISK utc=2026-10-08T15:44:55Z free_bytes=11474759680 pid=2667420
DISK utc=2026-10-08T15:45:10Z free_bytes=11474370560 pid=2667420
DISK utc=2026-10-08T15:45:25Z free_bytes=11462123520 pid=2667420
DISK utc=2026-10-08T15:45:40Z free_bytes=11461709824 pid=2667420
DISK utc=2026-10-08T15:45:55Z free_bytes=11461304320 pid=2667420
DISK utc=2026-10-08T15:46:10Z free_bytes=11456315392 pid=2667420
DISK utc=2026-10-08T15:46:25Z free_bytes=11456192512 pid=2667420
DISK utc=2026-10-08T15:46:40Z free_bytes=11456053248 pid=2667420
DISK utc=2026-10-08T15:46:55Z free_bytes=11455320064 pid=2667420
DISK utc=2026-10-08T15:47:10Z free_bytes=11455078400 pid=2667420
DISK utc=2026-10-08T15:47:25Z free_bytes=11454652416 pid=2667420
DISK utc=2026-10-08T15:47:40Z free_bytes=11454513152 pid=2667420
DISK utc=2026-10-08T15:47:55Z free_bytes=11454304256 pid=2667420
DISK utc=2026-10-08T15:48:10Z free_bytes=11453665280 pid=2667420
DISK utc=2026-10-08T15:48:25Z free_bytes=11453104128 pid=2667420
END utc=2026-10-08T15:48:37Z index=0 cell_id=codex__gpt-6-luna__max__default__r70-4-rust__r2 argv_sha256=2f64e1a91c90f76a8b05fa342241535c4c1621619684c75fe284b6dd7af8d005 rc=0
PREFLIGHT host=ubuntu-8gb-nbg1-1 free_bytes=11476901888 active_cells=0 plan_sha256=56978c2927e9bc0b0cf494483ebc866006a5f684730a6cd127683bc799dc45cc
START utc=2026-10-08T15:48:38Z index=1 cell_id=codex__gpt-6-luna__max__default__r70-4-zig__r2 argv_sha256=e3aa73772fdfcd51cd657c49f92d39312846d1e843520cc378f89345db5babeb
DISK utc=2026-10-08T15:48:53Z free_bytes=11428487168 pid=2670434
DISK utc=2026-10-08T15:49:08Z free_bytes=11428487168 pid=2670434
DISK utc=2026-10-08T15:49:23Z free_bytes=11428487168 pid=2670434
DISK utc=2026-10-08T15:49:38Z free_bytes=11428487168 pid=2670434
DISK utc=2026-10-08T15:49:53Z free_bytes=11428487168 pid=2670434
DISK utc=2026-10-08T15:50:08Z free_bytes=11383410688 pid=2670434
DISK utc=2026-10-08T15:50:23Z free_bytes=11364335616 pid=2670434
DISK utc=2026-10-08T15:50:38Z free_bytes=11362979840 pid=2670434
DISK utc=2026-10-08T15:50:53Z free_bytes=11362779136 pid=2670434
DISK utc=2026-10-08T15:51:08Z free_bytes=11361705984 pid=2670434
DISK utc=2026-10-08T15:51:23Z free_bytes=11361566720 pid=2670434
DISK utc=2026-10-08T15:51:38Z free_bytes=11361386496 pid=2670434
DISK utc=2026-10-08T15:51:53Z free_bytes=11361169408 pid=2670434
DISK utc=2026-10-08T15:52:08Z free_bytes=11360493568 pid=2670434
DISK utc=2026-10-08T15:52:23Z free_bytes=11360223232 pid=2670434
DISK utc=2026-10-08T15:52:38Z free_bytes=11359887360 pid=2670434
DISK utc=2026-10-08T15:52:53Z free_bytes=11359887360 pid=2670434
DISK utc=2026-10-08T15:53:08Z free_bytes=11344998400 pid=2670434
DISK utc=2026-10-08T15:53:23Z free_bytes=11332329472 pid=2670434
DISK utc=2026-10-08T15:53:38Z free_bytes=11299053568 pid=2670434
DISK utc=2026-10-08T15:53:53Z free_bytes=11298873344 pid=2670434
DISK utc=2026-10-08T15:54:08Z free_bytes=11298336768 pid=2670434
DISK utc=2026-10-08T15:54:23Z free_bytes=11298070528 pid=2670434
DISK utc=2026-10-08T15:54:38Z free_bytes=11297378304 pid=2670434
DISK utc=2026-10-08T15:54:53Z free_bytes=11297103872 pid=2670434
DISK utc=2026-10-08T15:55:08Z free_bytes=11297087488 pid=2670434
END utc=2026-10-08T15:55:14Z index=1 cell_id=codex__gpt-6-luna__max__default__r70-4-zig__r2 argv_sha256=e3aa73772fdfcd51cd657c49f92d39312846d1e843520cc378f89345db5babeb rc=0
RZ1 DONE mode=launch scope=smoke launched=2 plan_sha256=56978c2927e9bc0b0cf494483ebc866006a5f684730a6cd127683bc799dc45cc
