PREFLIGHT-PASS utc=2026-10-09T09:33:51Z pair=3 run_id=rve3-eu-p03-rust task=r70-1-rust expected=f6c75895911840bcc06c862192ee5ea926c841b9b93c75f1a67e74bec63f2deb actual=f6c75895911840bcc06c862192ee5ea926c841b9b93c75f1a67e74bec63f2deb
START utc=2026-10-09T09:33:51Z pair=3 run_id=rve3-eu-p03-rust
END utc=2026-10-09T09:39:01Z rc=0 pair=3 run_id=rve3-eu-p03-rust
PREFLIGHT-PASS utc=2026-10-09T09:39:01Z pair=3 run_id=rve3-eu-p03-elixir task=r70-1-elixir expected=287bbb383c6c4164ac062b9e3415128b448edbdbe70d9b084fe58611fc35f6b5 actual=287bbb383c6c4164ac062b9e3415128b448edbdbe70d9b084fe58611fc35f6b5
START utc=2026-10-09T09:39:01Z pair=3 run_id=rve3-eu-p03-elixir
END utc=2026-10-09T09:54:12Z rc=1 pair=3 run_id=rve3-eu-p03-elixir
PREFLIGHT-PASS utc=2026-10-09T09:54:12Z pair=5 run_id=rve3-eu-p05-rust task=r70-7-rust expected=27eb953bac3aa7ef6def484742af1b75dccd8c93078edf32240681c58c499d08 actual=27eb953bac3aa7ef6def484742af1b75dccd8c93078edf32240681c58c499d08
START utc=2026-10-09T09:54:12Z pair=5 run_id=rve3-eu-p05-rust
END utc=2026-10-09T09:57:22Z rc=0 pair=5 run_id=rve3-eu-p05-rust
PREFLIGHT-PASS utc=2026-10-09T09:57:22Z pair=5 run_id=rve3-eu-p05-elixir task=r70-7-elixir expected=10d81ef5137f6c58b3d095256ffc5edac7354199a230de40052cc199bbcc7338 actual=10d81ef5137f6c58b3d095256ffc5edac7354199a230de40052cc199bbcc7338
START utc=2026-10-09T09:57:22Z pair=5 run_id=rve3-eu-p05-elixir
END utc=2026-10-09T10:03:02Z rc=0 pair=5 run_id=rve3-eu-p05-elixir
PREFLIGHT-PASS utc=2026-10-09T10:03:02Z pair=6 run_id=rve3-eu-p06-rust task=r70-5-rust expected=6a593a6a7c22f582947cfcf5f8fbcb8e59891cd9ff188cd6ccfbf81d48dabef0 actual=6a593a6a7c22f582947cfcf5f8fbcb8e59891cd9ff188cd6ccfbf81d48dabef0
START utc=2026-10-09T10:03:02Z pair=6 run_id=rve3-eu-p06-rust
END utc=2026-10-09T10:07:12Z rc=1 pair=6 run_id=rve3-eu-p06-rust
PREFLIGHT-PASS utc=2026-10-09T10:07:12Z pair=6 run_id=rve3-eu-p06-elixir task=r70-5-elixir expected=9905736abb6cdb15f5e43952fe51101401ee2ab17cf03b25ed1c1b581d82fbb8 actual=9905736abb6cdb15f5e43952fe51101401ee2ab17cf03b25ed1c1b581d82fbb8
START utc=2026-10-09T10:07:12Z pair=6 run_id=rve3-eu-p06-elixir
END utc=2026-10-09T10:11:32Z rc=1 pair=6 run_id=rve3-eu-p06-elixir
PREFLIGHT-PASS utc=2026-10-09T10:11:32Z pair=8 run_id=rve3-eu-p08-elixir task=r70-5-elixir expected=9905736abb6cdb15f5e43952fe51101401ee2ab17cf03b25ed1c1b581d82fbb8 actual=9905736abb6cdb15f5e43952fe51101401ee2ab17cf03b25ed1c1b581d82fbb8
START utc=2026-10-09T10:11:32Z pair=8 run_id=rve3-eu-p08-elixir
END utc=2026-10-09T10:18:43Z rc=0 pair=8 run_id=rve3-eu-p08-elixir
PREFLIGHT-PASS utc=2026-10-09T10:18:43Z pair=8 run_id=rve3-eu-p08-rust task=r70-5-rust expected=6a593a6a7c22f582947cfcf5f8fbcb8e59891cd9ff188cd6ccfbf81d48dabef0 actual=6a593a6a7c22f582947cfcf5f8fbcb8e59891cd9ff188cd6ccfbf81d48dabef0
START utc=2026-10-09T10:18:43Z pair=8 run_id=rve3-eu-p08-rust
END utc=2026-10-09T10:21:33Z rc=0 pair=8 run_id=rve3-eu-p08-rust
PREFLIGHT-PASS utc=2026-10-09T10:21:33Z pair=9 run_id=rve3-eu-p09-elixir task=r70-1-elixir expected=287bbb383c6c4164ac062b9e3415128b448edbdbe70d9b084fe58611fc35f6b5 actual=287bbb383c6c4164ac062b9e3415128b448edbdbe70d9b084fe58611fc35f6b5
START utc=2026-10-09T10:21:33Z pair=9 run_id=rve3-eu-p09-elixir
END utc=2026-10-09T10:33:23Z rc=1 pair=9 run_id=rve3-eu-p09-elixir
PREFLIGHT-PASS utc=2026-10-09T10:33:23Z pair=9 run_id=rve3-eu-p09-rust task=r70-1-rust expected=f6c75895911840bcc06c862192ee5ea926c841b9b93c75f1a67e74bec63f2deb actual=f6c75895911840bcc06c862192ee5ea926c841b9b93c75f1a67e74bec63f2deb
START utc=2026-10-09T10:33:23Z pair=9 run_id=rve3-eu-p09-rust
END utc=2026-10-09T10:38:34Z rc=0 pair=9 run_id=rve3-eu-p09-rust
PREFLIGHT-PASS utc=2026-10-09T10:38:34Z pair=10 run_id=rve3-eu-p10-rust task=r70-7-rust expected=27eb953bac3aa7ef6def484742af1b75dccd8c93078edf32240681c58c499d08 actual=27eb953bac3aa7ef6def484742af1b75dccd8c93078edf32240681c58c499d08
START utc=2026-10-09T10:38:34Z pair=10 run_id=rve3-eu-p10-rust
END utc=2026-10-09T10:41:24Z rc=1 pair=10 run_id=rve3-eu-p10-rust
PREFLIGHT-PASS utc=2026-10-09T10:41:24Z pair=10 run_id=rve3-eu-p10-elixir task=r70-7-elixir expected=10d81ef5137f6c58b3d095256ffc5edac7354199a230de40052cc199bbcc7338 actual=10d81ef5137f6c58b3d095256ffc5edac7354199a230de40052cc199bbcc7338
START utc=2026-10-09T10:41:24Z pair=10 run_id=rve3-eu-p10-elixir
END utc=2026-10-09T10:45:14Z rc=1 pair=10 run_id=rve3-eu-p10-elixir
