PREFLIGHT-PASS utc=2026-10-09T09:34:25Z pair=1 run_id=rve3-us-p01-elixir task=r70-5-elixir expected=9905736abb6cdb15f5e43952fe51101401ee2ab17cf03b25ed1c1b581d82fbb8 actual=9905736abb6cdb15f5e43952fe51101401ee2ab17cf03b25ed1c1b581d82fbb8
START utc=2026-10-09T09:34:25Z pair=1 run_id=rve3-us-p01-elixir
END utc=2026-10-09T09:41:55Z rc=1 pair=1 run_id=rve3-us-p01-elixir
PREFLIGHT-PASS utc=2026-10-09T09:41:55Z pair=1 run_id=rve3-us-p01-rust task=r70-5-rust expected=6a593a6a7c22f582947cfcf5f8fbcb8e59891cd9ff188cd6ccfbf81d48dabef0 actual=6a593a6a7c22f582947cfcf5f8fbcb8e59891cd9ff188cd6ccfbf81d48dabef0
START utc=2026-10-09T09:41:55Z pair=1 run_id=rve3-us-p01-rust
END utc=2026-10-09T09:46:15Z rc=0 pair=1 run_id=rve3-us-p01-rust
PREFLIGHT-PASS utc=2026-10-09T09:46:15Z pair=2 run_id=rve3-us-p02-rust task=r70-7-rust expected=27eb953bac3aa7ef6def484742af1b75dccd8c93078edf32240681c58c499d08 actual=27eb953bac3aa7ef6def484742af1b75dccd8c93078edf32240681c58c499d08
START utc=2026-10-09T09:46:15Z pair=2 run_id=rve3-us-p02-rust
END utc=2026-10-09T09:48:35Z rc=0 pair=2 run_id=rve3-us-p02-rust
PREFLIGHT-PASS utc=2026-10-09T09:48:35Z pair=2 run_id=rve3-us-p02-elixir task=r70-7-elixir expected=10d81ef5137f6c58b3d095256ffc5edac7354199a230de40052cc199bbcc7338 actual=10d81ef5137f6c58b3d095256ffc5edac7354199a230de40052cc199bbcc7338
START utc=2026-10-09T09:48:35Z pair=2 run_id=rve3-us-p02-elixir
END utc=2026-10-09T09:52:15Z rc=1 pair=2 run_id=rve3-us-p02-elixir
PREFLIGHT-PASS utc=2026-10-09T09:52:15Z pair=4 run_id=rve3-us-p04-elixir task=r70-7-elixir expected=10d81ef5137f6c58b3d095256ffc5edac7354199a230de40052cc199bbcc7338 actual=10d81ef5137f6c58b3d095256ffc5edac7354199a230de40052cc199bbcc7338
START utc=2026-10-09T09:52:15Z pair=4 run_id=rve3-us-p04-elixir
END utc=2026-10-09T09:57:05Z rc=1 pair=4 run_id=rve3-us-p04-elixir
PREFLIGHT-PASS utc=2026-10-09T09:57:05Z pair=4 run_id=rve3-us-p04-rust task=r70-7-rust expected=27eb953bac3aa7ef6def484742af1b75dccd8c93078edf32240681c58c499d08 actual=27eb953bac3aa7ef6def484742af1b75dccd8c93078edf32240681c58c499d08
START utc=2026-10-09T09:57:05Z pair=4 run_id=rve3-us-p04-rust
END utc=2026-10-09T09:59:56Z rc=0 pair=4 run_id=rve3-us-p04-rust
PREFLIGHT-PASS utc=2026-10-09T09:59:56Z pair=7 run_id=rve3-us-p07-rust task=r70-1-rust expected=f6c75895911840bcc06c862192ee5ea926c841b9b93c75f1a67e74bec63f2deb actual=f6c75895911840bcc06c862192ee5ea926c841b9b93c75f1a67e74bec63f2deb
START utc=2026-10-09T09:59:56Z pair=7 run_id=rve3-us-p07-rust
END utc=2026-10-09T10:05:46Z rc=0 pair=7 run_id=rve3-us-p07-rust
PREFLIGHT-PASS utc=2026-10-09T10:05:46Z pair=7 run_id=rve3-us-p07-elixir task=r70-1-elixir expected=287bbb383c6c4164ac062b9e3415128b448edbdbe70d9b084fe58611fc35f6b5 actual=287bbb383c6c4164ac062b9e3415128b448edbdbe70d9b084fe58611fc35f6b5
START utc=2026-10-09T10:05:46Z pair=7 run_id=rve3-us-p07-elixir
END utc=2026-10-09T10:22:26Z rc=0 pair=7 run_id=rve3-us-p07-elixir
PREFLIGHT-PASS utc=2026-10-09T10:22:26Z pair=11 run_id=rve3-us-p11-rust task=r70-1-rust expected=f6c75895911840bcc06c862192ee5ea926c841b9b93c75f1a67e74bec63f2deb actual=f6c75895911840bcc06c862192ee5ea926c841b9b93c75f1a67e74bec63f2deb
START utc=2026-10-09T10:22:26Z pair=11 run_id=rve3-us-p11-rust
END utc=2026-10-09T10:25:46Z rc=0 pair=11 run_id=rve3-us-p11-rust
PREFLIGHT-PASS utc=2026-10-09T10:25:46Z pair=11 run_id=rve3-us-p11-elixir task=r70-1-elixir expected=287bbb383c6c4164ac062b9e3415128b448edbdbe70d9b084fe58611fc35f6b5 actual=287bbb383c6c4164ac062b9e3415128b448edbdbe70d9b084fe58611fc35f6b5
START utc=2026-10-09T10:25:46Z pair=11 run_id=rve3-us-p11-elixir
END utc=2026-10-09T10:45:37Z rc=0 pair=11 run_id=rve3-us-p11-elixir
