warning: failed to subscribe to Mix events using TCP, reason: :eperm

Compiling 49 files (.ex)
Generated trackline app
warning: failed to subscribe to Mix events using TCP, reason: :eperm

warning: failed to subscribe to Mix events using TCP, reason: :eperm

warning: failed to subscribe to Mix events using TCP, reason: :eperm

Running ExUnit with seed: 17, max_cases: 20

.....................................................................................................................................
Finished in 1.3 seconds (0.2s async, 1.1s sync)

Result: 133 passed
== hidden checks
warning: failed to subscribe to Mix events using TCP, reason: :eperm

Running ExUnit with seed: 0, max_cases: 20

.....

  1) test old deactivated user's original and rewritten address logs disappear (Trackline.PortErasureTest)
     test/port_test.exs:74
     Assertion with == failed
     code:  assert Repo.aggregate(SignIn, :count) == 0
     left:  1
     right: 0
     stacktrace:
       test/port_test.exs:84: (test)

...

  2) test active address containing deactivated is treated as a real address (Trackline.PortErasureTest)
     test/port_test.exs:120
     Expected truthy, got nil
     code: assert Repo.get(SignIn, log.id)
     arguments:

         # 1
         Trackline.Ports.SignIn

         # 2
         1

     stacktrace:
       test/port_test.exs:127: (test)


Finished in 0.1 seconds (0.00s async, 0.1s sync)

Result: 8/10 passed
Failed: 2 tests
