warning: failed to subscribe to Mix events using TCP, reason: :eperm

Compiling 49 files (.ex)
Generated trackline app
warning: failed to subscribe to Mix events using TCP, reason: :eperm

warning: failed to subscribe to Mix events using TCP, reason: :eperm

warning: failed to subscribe to Mix events using TCP, reason: :eperm

Running ExUnit with seed: 17, max_cases: 20

.....................................................................................................................................
Finished in 1.3 seconds (0.2s async, 1.0s sync)

Result: 133 passed
== hidden checks
warning: failed to subscribe to Mix events using TCP, reason: :eperm

Running ExUnit with seed: 0, max_cases: 20

...

  1) test public search remains usable without erased author identity (Trackline.PortErasureTest)
     test/port_test.exs:49
     ** (Ecto.NoResultsError) expected at least one result but got none in query:

     from k0 in Trackline.Ports.KnowledgeSearch,
       where: k0.book_id == ^1

     code: hit = Repo.get_by!(KnowledgeSearch, book_id: b.id)
     stacktrace:
       (ecto 3.14.2) lib/ecto/repo/queryable.ex:178: Ecto.Repo.Queryable.one!/3
       test/port_test.exs:53: (test)

.

  2) test old deactivated user's original and rewritten address logs disappear (Trackline.PortErasureTest)
     test/port_test.exs:74
     Assertion with == failed
     code:  assert Repo.aggregate(SignIn, :count) == 0
     left:  1
     right: 0
     stacktrace:
       test/port_test.exs:84: (test)

...

  3) test active address containing deactivated is treated as a real address (Trackline.PortErasureTest)
     test/port_test.exs:120
     Expected truthy, got nil
     code: assert Repo.get(SignIn, log.id)
     arguments:

         # 1
         Trackline.Ports.SignIn

         # 2
         1

     stacktrace:
       test/port_test.exs:127: (test)


Finished in 0.1 seconds (0.00s async, 0.1s sync)

Result: 7/10 passed
Failed: 3 tests
